Archive member included to satisfy reference by file (symbol)

C:/ST/STM32CubeIDE_1.19.0/STM32CubeIDE/plugins/com.st.stm32cube.ide.mcu.externaltools.gnu-tools-for-stm32.13.3.rel1.win32_1.0.0.202411081344/tools/bin/../lib/gcc/arm-none-eabi/13.3.1/../../../../arm-none-eabi/lib/thumb/v7e-m+fp/hard\libc_nano.a(libc_a-exit.o)
                              C:/ST/STM32CubeIDE_1.19.0/STM32CubeIDE/plugins/com.st.stm32cube.ide.mcu.externaltools.gnu-tools-for-stm32.13.3.rel1.win32_1.0.0.202411081344/tools/bin/../lib/gcc/arm-none-eabi/13.3.1/../../../../arm-none-eabi/lib/thumb/v7e-m+fp/hard/crt0.o (exit)
C:/ST/STM32CubeIDE_1.19.0/STM32CubeIDE/plugins/com.st.stm32cube.ide.mcu.externaltools.gnu-tools-for-stm32.13.3.rel1.win32_1.0.0.202411081344/tools/bin/../lib/gcc/arm-none-eabi/13.3.1/../../../../arm-none-eabi/lib/thumb/v7e-m+fp/hard\libc_nano.a(libc_a-findfp.o)
                              C:/ST/STM32CubeIDE_1.19.0/STM32CubeIDE/plugins/com.st.stm32cube.ide.mcu.externaltools.gnu-tools-for-stm32.13.3.rel1.win32_1.0.0.202411081344/tools/bin/../lib/gcc/arm-none-eabi/13.3.1/../../../../arm-none-eabi/lib/thumb/v7e-m+fp/hard\libc_nano.a(libc_a-exit.o) (__stdio_exit_handler)
C:/ST/STM32CubeIDE_1.19.0/STM32CubeIDE/plugins/com.st.stm32cube.ide.mcu.externaltools.gnu-tools-for-stm32.13.3.rel1.win32_1.0.0.202411081344/tools/bin/../lib/gcc/arm-none-eabi/13.3.1/../../../../arm-none-eabi/lib/thumb/v7e-m+fp/hard\libc_nano.a(libc_a-fwalk.o)
                              C:/ST/STM32CubeIDE_1.19.0/STM32CubeIDE/plugins/com.st.stm32cube.ide.mcu.externaltools.gnu-tools-for-stm32.13.3.rel1.win32_1.0.0.202411081344/tools/bin/../lib/gcc/arm-none-eabi/13.3.1/../../../../arm-none-eabi/lib/thumb/v7e-m+fp/hard\libc_nano.a(libc_a-findfp.o) (_fwalk_sglue)
C:/ST/STM32CubeIDE_1.19.0/STM32CubeIDE/plugins/com.st.stm32cube.ide.mcu.externaltools.gnu-tools-for-stm32.13.3.rel1.win32_1.0.0.202411081344/tools/bin/../lib/gcc/arm-none-eabi/13.3.1/../../../../arm-none-eabi/lib/thumb/v7e-m+fp/hard\libc_nano.a(libc_a-printf.o)
                              ./Core/Src/lora_app.o (printf)
C:/ST/STM32CubeIDE_1.19.0/STM32CubeIDE/plugins/com.st.stm32cube.ide.mcu.externaltools.gnu-tools-for-stm32.13.3.rel1.win32_1.0.0.202411081344/tools/bin/../lib/gcc/arm-none-eabi/13.3.1/../../../../arm-none-eabi/lib/thumb/v7e-m+fp/hard\libc_nano.a(libc_a-puts.o)
                              ./Core/Src/lora_app.o (puts)
C:/ST/STM32CubeIDE_1.19.0/STM32CubeIDE/plugins/com.st.stm32cube.ide.mcu.externaltools.gnu-tools-for-stm32.13.3.rel1.win32_1.0.0.202411081344/tools/bin/../lib/gcc/arm-none-eabi/13.3.1/../../../../arm-none-eabi/lib/thumb/v7e-m+fp/hard\libc_nano.a(libc_a-sprintf.o)
                              ./Core/Src/lora_app.o (sprintf)
C:/ST/STM32CubeIDE_1.19.0/STM32CubeIDE/plugins/com.st.stm32cube.ide.mcu.externaltools.gnu-tools-for-stm32.13.3.rel1.win32_1.0.0.202411081344/tools/bin/../lib/gcc/arm-none-eabi/13.3.1/../../../../arm-none-eabi/lib/thumb/v7e-m+fp/hard\libc_nano.a(libc_a-stdio.o)
                              C:/ST/STM32CubeIDE_1.19.0/STM32CubeIDE/plugins/com.st.stm32cube.ide.mcu.externaltools.gnu-tools-for-stm32.13.3.rel1.win32_1.0.0.202411081344/tools/bin/../lib/gcc/arm-none-eabi/13.3.1/../../../../arm-none-eabi/lib/thumb/v7e-m+fp/hard\libc_nano.a(libc_a-findfp.o) (__sread)
C:/ST/STM32CubeIDE_1.19.0/STM32CubeIDE/plugins/com.st.stm32cube.ide.mcu.externaltools.gnu-tools-for-stm32.13.3.rel1.win32_1.0.0.202411081344/tools/bin/../lib/gcc/arm-none-eabi/13.3.1/../../../../arm-none-eabi/lib/thumb/v7e-m+fp/hard\libc_nano.a(libc_a-wbuf.o)
                              C:/ST/STM32CubeIDE_1.19.0/STM32CubeIDE/plugins/com.st.stm32cube.ide.mcu.externaltools.gnu-tools-for-stm32.13.3.rel1.win32_1.0.0.202411081344/tools/bin/../lib/gcc/arm-none-eabi/13.3.1/../../../../arm-none-eabi/lib/thumb/v7e-m+fp/hard\libc_nano.a(libc_a-puts.o) (__swbuf_r)
C:/ST/STM32CubeIDE_1.19.0/STM32CubeIDE/plugins/com.st.stm32cube.ide.mcu.externaltools.gnu-tools-for-stm32.13.3.rel1.win32_1.0.0.202411081344/tools/bin/../lib/gcc/arm-none-eabi/13.3.1/../../../../arm-none-eabi/lib/thumb/v7e-m+fp/hard\libc_nano.a(libc_a-wsetup.o)
                              C:/ST/STM32CubeIDE_1.19.0/STM32CubeIDE/plugins/com.st.stm32cube.ide.mcu.externaltools.gnu-tools-for-stm32.13.3.rel1.win32_1.0.0.202411081344/tools/bin/../lib/gcc/arm-none-eabi/13.3.1/../../../../arm-none-eabi/lib/thumb/v7e-m+fp/hard\libc_nano.a(libc_a-puts.o) (__swsetup_r)
C:/ST/STM32CubeIDE_1.19.0/STM32CubeIDE/plugins/com.st.stm32cube.ide.mcu.externaltools.gnu-tools-for-stm32.13.3.rel1.win32_1.0.0.202411081344/tools/bin/../lib/gcc/arm-none-eabi/13.3.1/../../../../arm-none-eabi/lib/thumb/v7e-m+fp/hard\libc_nano.a(libc_a-memset.o)
                              C:/ST/STM32CubeIDE_1.19.0/STM32CubeIDE/plugins/com.st.stm32cube.ide.mcu.externaltools.gnu-tools-for-stm32.13.3.rel1.win32_1.0.0.202411081344/tools/bin/../lib/gcc/arm-none-eabi/13.3.1/../../../../arm-none-eabi/lib/thumb/v7e-m+fp/hard/crt0.o (memset)
[...]
Memory Configuration

Name             Origin             Length             Attributes
RAM              0x20000000         0x00020000         xrw
FLASH            0x08000000         0x00080000         xr
*default*        0x00000000         0xffffffff

Linker script and memory map

LOAD C:/ST/STM32CubeIDE_1.19.0/STM32CubeIDE/plugins/com.st.stm32cube.ide.mcu.externaltools.gnu-tools-for-stm32.13.3.rel1.win32_1.0.0.202411081344/tools/bin/../lib/gcc/arm-none-eabi/13.3.1/thumb/v7e-m+fp/hard/crti.o
LOAD C:/ST/STM32CubeIDE_1.19.0/STM32CubeIDE/plugins/com.st.stm32cube.ide.mcu.externaltools.gnu-tools-for-stm32.13.3.rel1.win32_1.0.0.202411081344/tools/bin/../lib/gcc/arm-none-eabi/13.3.1/thumb/v7e-m+fp/hard/crtbegin.o
LOAD C:/ST/STM32CubeIDE_1.19.0/STM32CubeIDE/plugins/com.st.stm32cube.ide.mcu.externaltools.gnu-tools-for-stm32.13.3.rel1.win32_1.0.0.202411081344/tools/bin/../lib/gcc/arm-none-eabi/13.3.1/../../../../arm-none-eabi/lib/thumb/v7e-m+fp/hard/crt0.o
LOAD ./Core/Inc/sx1272/sx1272.o
LOAD ./Core/Inc/sx1272/sx1272mb2das-board.o
LOAD ./Core/Inc/sx1272/timer.o
LOAD ./Core/Inc/sx1272/utilities.o
LOAD ./Core/Src/lora_app.o
LOAD ./Core/Src/main.o
LOAD ./Core/Src/stm32f4xx_hal_msp.o
LOAD ./Core/Src/stm32f4xx_it.o
LOAD ./Core/Src/syscalls.o
LOAD ./Core/Src/sysmem.o
LOAD ./Core/Src/system_stm32f4xx.o
LOAD ./Core/Startup/startup_stm32f446retx.o
LOAD ./Drivers/STM32F4xx_HAL_Driver/Src/stm32f4xx_hal.o
LOAD ./Drivers/STM32F4xx_HAL_Driver/Src/stm32f4xx_hal_adc.o
LOAD ./Drivers/STM32F4xx_HAL_Driver/Src/stm32f4xx_hal_adc_ex.o
LOAD ./Drivers/STM32F4xx_HAL_Driver/Src/stm32f4xx_hal_cortex.o
LOAD ./Drivers/STM32F4xx_HAL_Driver/Src/stm32f4xx_hal_dma.o
LOAD ./Drivers/STM32F4xx_HAL_Driver/Src/stm32f4xx_hal_dma_ex.o
LOAD ./Drivers/STM32F4xx_HAL_Driver/Src/stm32f4xx_hal_exti.o
LOAD ./Drivers/STM32F4xx_HAL_Driver/Src/stm32f4xx_hal_flash.o
LOAD ./Drivers/STM32F4xx_HAL_Driver/Src/stm32f4xx_hal_flash_ex.o
LOAD ./Drivers/STM32F4xx_HAL_Driver/Src/stm32f4xx_hal_flash_ramfunc.o
LOAD ./Drivers/STM32F4xx_HAL_Driver/Src/stm32f4xx_hal_gpio.o
LOAD ./Drivers/STM32F4xx_HAL_Driver/Src/stm32f4xx_hal_pwr.o
LOAD ./Drivers/STM32F4xx_HAL_Driver/Src/stm32f4xx_hal_pwr_ex.o
LOAD ./Drivers/STM32F4xx_HAL_Driver/Src/stm32f4xx_hal_rcc.o
LOAD ./Drivers/STM32F4xx_HAL_Driver/Src/stm32f4xx_hal_rcc_ex.o
LOAD ./Drivers/STM32F4xx_HAL_Driver/Src/stm32f4xx_hal_rtc.o
LOAD ./Drivers/STM32F4xx_HAL_Driver/Src/stm32f4xx_hal_rtc_ex.o
LOAD ./Drivers/STM32F4xx_HAL_Driver/Src/stm32f4xx_hal_spi.o
LOAD ./Drivers/STM32F4xx_HAL_Driver/Src/stm32f4xx_hal_tim.o
LOAD ./Drivers/STM32F4xx_HAL_Driver/Src/stm32f4xx_hal_tim_ex.o
LOAD ./Drivers/STM32F4xx_HAL_Driver/Src/stm32f4xx_hal_uart.o
LOAD ./Drivers/STM32F4xx_HAL_Driver/Src/stm32f4xx_ll_adc.o
START GROUP
LOAD C:/ST/STM32CubeIDE_1.19.0/STM32CubeIDE/plugins/com.st.stm32cube.ide.mcu.externaltools.gnu-tools-for-stm32.13.3.rel1.win32_1.0.0.202411081344/tools/bin/../lib/gcc/arm-none-eabi/13.3.1/../../../../arm-none-eabi/lib/thumb/v7e-m+fp/hard\libc_nano.a
LOAD C:/ST/STM32CubeIDE_1.19.0/STM32CubeIDE/plugins/com.st.stm32cube.ide.mcu.externaltools.gnu-tools-for-stm32.13.3.rel1.win32_1.0.0.202411081344/tools/bin/../lib/gcc/arm-none-eabi/13.3.1/../../../../arm-none-eabi/lib/thumb/v7e-m+fp/hard\libm.a
END GROUP
START GROUP
LOAD C:/ST/STM32CubeIDE_1.19.0/STM32CubeIDE/plugins/com.st.stm32cube.ide.mcu.externaltools.gnu-tools-for-stm32.13.3.rel1.win32_1.0.0.202411081344/tools/bin/../lib/gcc/arm-none-eabi/13.3.1/thumb/v7e-m+fp/hard\libgcc.a
LOAD C:/ST/STM32CubeIDE_1.19.0/STM32CubeIDE/plugins/com.st.stm32cube.ide.mcu.externaltools.gnu-tools-for-stm32.13.3.rel1.win32_1.0.0.202411081344/tools/bin/../lib/gcc/arm-none-eabi/13.3.1/../../../../arm-none-eabi/lib/thumb/v7e-m+fp/hard\libc_nano.a
END GROUP
START GROUP
LOAD C:/ST/STM32CubeIDE_1.19.0/STM32CubeIDE/plugins/com.st.stm32cube.ide.mcu.externaltools.gnu-tools-for-stm32.13.3.rel1.win32_1.0.0.202411081344/tools/bin/../lib/gcc/arm-none-eabi/13.3.1/thumb/v7e-m+fp/hard\libgcc.a
LOAD C:/ST/STM32CubeIDE_1.19.0/STM32CubeIDE/plugins/com.st.stm32cube.ide.mcu.externaltools.gnu-tools-for-stm32.13.3.rel1.win32_1.0.0.202411081344/tools/bin/../lib/gcc/arm-none-eabi/13.3.1/../../../../arm-none-eabi/lib/thumb/v7e-m+fp/hard\libc_nano.a
LOAD C:/ST/STM32CubeIDE_1.19.0/STM32CubeIDE/plugins/com.st.stm32cube.ide.mcu.externaltools.gnu-tools-for-stm32.13.3.rel1.win32_1.0.0.202411081344/tools/bin/../lib/gcc/arm-none-eabi/13.3.1/../../../../arm-none-eabi/lib/thumb/v7e-m+fp/hard\libnosys.a
END GROUP
START GROUP
LOAD C:/ST/STM32CubeIDE_1.19.0/STM32CubeIDE/plugins/com.st.stm32cube.ide.mcu.externaltools.gnu-tools-for-stm32.13.3.rel1.win32_1.0.0.202411081344/tools/bin/../lib/gcc/arm-none-eabi/13.3.1/thumb/v7e-m+fp/hard\libgcc.a
LOAD C:/ST/STM32CubeIDE_1.19.0/STM32CubeIDE/plugins/com.st.stm32cube.ide.mcu.externaltools.gnu-tools-for-stm32.13.3.rel1.win32_1.0.0.202411081344/tools/bin/../lib/gcc/arm-none-eabi/13.3.1/../../../../arm-none-eabi/lib/thumb/v7e-m+fp/hard\libc_nano.a
LOAD C:/ST/STM32CubeIDE_1.19.0/STM32CubeIDE/plugins/com.st.stm32cube.ide.mcu.externaltools.gnu-tools-for-stm32.13.3.rel1.win32_1.0.0.202411081344/tools/bin/../lib/gcc/arm-none-eabi/13.3.1/../../../../arm-none-eabi/lib/thumb/v7e-m+fp/hard\libnosys.a
END GROUP
LOAD C:/ST/STM32CubeIDE_1.19.0/STM32CubeIDE/plugins/com.st.stm32cube.ide.mcu.externaltools.gnu-tools-for-stm32.13.3.rel1.win32_1.0.0.202411081344/tools/bin/../lib/gcc/arm-none-eabi/13.3.1/thumb/v7e-m+fp/hard/crtend.o
LOAD C:/ST/STM32CubeIDE_1.19.0/STM32CubeIDE/plugins/com.st.stm32cube.ide.mcu.externaltools.gnu-tools-for-stm32.13.3.rel1.win32_1.0.0.202411081344/tools/bin/../lib/gcc/arm-none-eabi/13.3.1/thumb/v7e-m+fp/hard/crtn.o
                0x20020000                        _estack = (ORIGIN (RAM) + LENGTH (RAM))
                0x00000200                        _Min_Heap_Size = 0x200
                0x00000400                        _Min_Stack_Size = 0x400

.isr_vector     0x08000000      0x1c4
                0x08000000                        . = ALIGN (0x4)
 *(.isr_vector)
 .isr_vector    0x08000000      0x1c4 ./Core/Startup/startup_stm32f446retx.o
                0x08000000                g_pfnVectors
                0x080001c4                        . = ALIGN (0x4)

.text           0x080001d0     0xaa04
                0x080001d0                        . = ALIGN (0x4)
 *(.text)
 .text          0x080001d0       0x40 C:/ST/STM32CubeIDE_1.19.0/STM32CubeIDE/plugins/com.st.stm32cube.ide.mcu.externaltools.gnu-tools-for-stm32.13.3.rel1.win32_1.0.0.202411081344/tools/bin/../lib/gcc/arm-none-eabi/13.3.1/thumb/v7e-m+fp/hard/crtbegin.o
 .text          0x08000210       0xa0 C:/ST/STM32CubeIDE_1.19.0/STM32CubeIDE/plugins/com.st.stm32cube.ide.mcu.externaltools.gnu-tools-for-stm32.13.3.rel1.win32_1.0.0.202411081344/tools/bin/../lib/gcc/arm-none-eabi/13.3.1/../../../../arm-none-eabi/lib/thumb/v7e-m+fp/hard\libc_nano.a(libc_a-memchr.o)
                0x08000210                memchr
 .text          0x080002b0      0x378 C:/ST/STM32CubeIDE_1.19.0/STM32CubeIDE/plugins/com.st.stm32cube.ide.mcu.externaltools.gnu-tools-for-stm32.13.3.rel1.win32_1.0.0.202411081344/tools/bin/../lib/gcc/arm-none-eabi/13.3.1/thumb/v7e-m+fp/hard\libgcc.a(_arm_addsubdf3.o)
                0x080002b0                __aeabi_drsub
                0x080002b8                __aeabi_dsub
                0x080002b8                __subdf3
                0x080002bc                __aeabi_dadd
                0x080002bc                __adddf3
                0x08000534                __floatunsidf
                0x08000534                __aeabi_ui2d
                0x08000554                __floatsidf
                0x08000554                __aeabi_i2d
                0x08000578                __aeabi_f2d
                0x08000578                __extendsfdf2
                0x080005bc                __floatundidf
                0x080005bc                __aeabi_ul2d
                0x080005cc                __floatdidf
                0x080005cc                __aeabi_l2d
 .text          0x08000628      0x424 C:/ST/STM32CubeIDE_1.19.0/STM32CubeIDE/plugins/com.st.stm32cube.ide.mcu.externaltools.gnu-tools-for-stm32.13.3.rel1.win32_1.0.0.202411081344/tools/bin/../lib/gcc/arm-none-eabi/13.3.1/thumb/v7e-m+fp/hard\libgcc.a(_arm_muldivdf3.o)
                0x08000628                __aeabi_dmul
                0x08000628                __muldf3
                0x0800087c                __divdf3
                0x0800087c                __aeabi_ddiv
 .text          0x08000a4c      0x110 C:/ST/STM32CubeIDE_1.19.0/STM32CubeIDE/plugins/com.st.stm32cube.ide.mcu.externaltools.gnu-tools-for-stm32.13.3.rel1.win32_1.0.0.202411081344/tools/bin/../lib/gcc/arm-none-eabi/13.3.1/thumb/v7e-m+fp/hard\libgcc.a(_arm_cmpdf2.o)
                0x08000a4c                __gtdf2
                0x08000a4c                __gedf2
                0x08000a54                __ltdf2
                0x08000a54                __ledf2
                0x08000a5c                __nedf2
                0x08000a5c                __eqdf2
                0x08000a5c                __cmpdf2
                0x08000ad8                __aeabi_cdrcmple
                0x08000ae8                __aeabi_cdcmpeq
                0x08000ae8                __aeabi_cdcmple
                0x08000af8                __aeabi_dcmpeq
                0x08000b0c                __aeabi_dcmplt
                0x08000b20                __aeabi_dcmple
                0x08000b34                __aeabi_dcmpge
                0x08000b48                __aeabi_dcmpgt
 .text          0x08000b5c       0x40 C:/ST/STM32CubeIDE_1.19.0/STM32CubeIDE/plugins/com.st.stm32cube.ide.mcu.externaltools.gnu-tools-for-stm32.13.3.rel1.win32_1.0.0.202411081344/tools/bin/../lib/gcc/arm-none-eabi/13.3.1/thumb/v7e-m+fp/hard\libgcc.a(_arm_fixunsdfsi.o)
                0x08000b5c                __aeabi_d2uiz
                0x08000b5c                __fixunsdfsi
 .text          0x08000b9c       0x30 C:/ST/STM32CubeIDE_1.19.0/STM32CubeIDE/plugins/com.st.stm32cube.ide.mcu.externaltools.gnu-tools-for-stm32.13.3.rel1.win32_1.0.0.202411081344/tools/bin/../lib/gcc/arm-none-eabi/13.3.1/thumb/v7e-m+fp/hard\libgcc.a(_aeabi_uldivmod.o)
                0x08000b9c                __aeabi_uldivmod
 .text          0x08000bcc      0x2f8 C:/ST/STM32CubeIDE_1.19.0/STM32CubeIDE/plugins/com.st.stm32cube.ide.mcu.externaltools.gnu-tools-for-stm32.13.3.rel1.win32_1.0.0.202411081344/tools/bin/../lib/gcc/arm-none-eabi/13.3.1/thumb/v7e-m+fp/hard\libgcc.a(_udivmoddi4.o)
                0x08000bcc                __udivmoddi4
 .text          0x08000ec4        0x4 C:/ST/STM32CubeIDE_1.19.0/STM32CubeIDE/plugins/com.st.stm32cube.ide.mcu.externaltools.gnu-tools-for-stm32.13.3.rel1.win32_1.0.0.202411081344/tools/bin/../lib/gcc/arm-none-eabi/13.3.1/thumb/v7e-m+fp/hard\libgcc.a(_dvmd_tls.o)
                0x08000ec4                __aeabi_idiv0
                0x08000ec4                __aeabi_ldiv0
 *(.text*)
 .text.SX1272Init
                0x08000ec8       0xb0 ./Core/Inc/sx1272/sx1272.o
                0x08000ec8                SX1272Init
 .text.SX1272GetStatus
                0x08000f78       0x18 ./Core/Inc/sx1272/sx1272.o
                0x08000f78                SX1272GetStatus
 .text.SX1272SetChannel
                0x08000f90       0x6c ./Core/Inc/sx1272/sx1272.o
                0x08000f90                SX1272SetChannel
 .text.SX1272Random
                0x08000ffc       0x5c ./Core/Inc/sx1272/sx1272.o
                0x08000ffc                SX1272Random
 .text.GetFskBandwidthRegValue
                0x08001058       0x58 ./Core/Inc/sx1272/sx1272.o
 .text.SX1272SetRxConfig
                0x080010b0      0x3c8 ./Core/Inc/sx1272/sx1272.o
                0x080010b0                SX1272SetRxConfig
 .text.SX1272SetTxConfig
                0x08001478      0x328 ./Core/Inc/sx1272/sx1272.o
                0x08001478                SX1272SetTxConfig
 .text.SX1272GetTimeOnAir
                0x080017a0      0x370 ./Core/Inc/sx1272/sx1272.o
                0x080017a0                SX1272GetTimeOnAir
 .text.SX1272Send
                0x08001b10      0x158 ./Core/Inc/sx1272/sx1272.o
                0x08001b10                SX1272Send
 .text.SX1272SetSleep
                0x08001c68       0x34 ./Core/Inc/sx1272/sx1272.o
                0x08001c68                SX1272SetSleep
 .text.SX1272SetStby
                0x08001c9c       0x2c ./Core/Inc/sx1272/sx1272.o
                0x08001c9c                SX1272SetStby
 .text.SX1272SetRx
                0x08001cc8      0x1c4 ./Core/Inc/sx1272/sx1272.o
                0x08001cc8                SX1272SetRx
 .text.SX1272SetTx
                0x08001e8c       0xf4 ./Core/Inc/sx1272/sx1272.o
                0x08001e8c                SX1272SetTx
 .text.SX1272SetTxContinuousWave
                0x08001f80       0xa8 ./Core/Inc/sx1272/sx1272.o
                0x08001f80                SX1272SetTxContinuousWave
 .text.SX1272ReadRssi
                0x08002028       0x52 ./Core/Inc/sx1272/sx1272.o
                0x08002028                SX1272ReadRssi
 .text.SX1272SetOpMode
                0x0800207a       0x50 ./Core/Inc/sx1272/sx1272.o
                0x0800207a                SX1272SetOpMode
 *fill*         0x080020ca        0x2 
 .text.SX1272SetModem
                0x080020cc       0xa8 ./Core/Inc/sx1272/sx1272.o
                0x080020cc                SX1272SetModem
 .text.SX1272Write
                0x08002174       0x24 ./Core/Inc/sx1272/sx1272.o
                0x08002174                SX1272Write
 .text.SX1272Read
                0x08002198       0x22 ./Core/Inc/sx1272/sx1272.o
                0x08002198                SX1272Read
 *fill*         0x080021ba        0x2 
 .text.SX1272WriteBuffer
                0x080021bc       0x60 ./Core/Inc/sx1272/sx1272.o
                0x080021bc                SX1272WriteBuffer
 .text.SX1272ReadBuffer
                0x0800221c       0x60 ./Core/Inc/sx1272/sx1272.o
                0x0800221c                SX1272ReadBuffer
 .text.SX1272WriteFifo
                0x0800227c       0x20 ./Core/Inc/sx1272/sx1272.o
                0x0800227c                SX1272WriteFifo
 .text.SX1272ReadFifo
                0x0800229c       0x20 ./Core/Inc/sx1272/sx1272.o
                0x0800229c                SX1272ReadFifo
 .text.SX1272SetMaxPayloadLength
                0x080022bc       0x58 ./Core/Inc/sx1272/sx1272.o
                0x080022bc                SX1272SetMaxPayloadLength
 .text.SX1272SetPublicNetwork
                0x08002314       0x3c ./Core/Inc/sx1272/sx1272.o
                0x08002314                SX1272SetPublicNetwork
 .text.SX1272GetWakeupTime
                0x08002350       0x10 ./Core/Inc/sx1272/sx1272.o
                0x08002350                SX1272GetWakeupTime
 .text.SX1272OnTimeoutIrq
                0x08002360      0x144 ./Core/Inc/sx1272/sx1272.o
                0x08002360                SX1272OnTimeoutIrq
 .text.SX1272OnDio0Irq
                0x080024a4      0x1d4 ./Core/Inc/sx1272/sx1272.o
                0x080024a4                SX1272OnDio0Irq
 .text.SX1272OnDio1Irq
                0x08002678       0x5c ./Core/Inc/sx1272/sx1272.o
                0x08002678                SX1272OnDio1Irq
 .text.SX1272SetBoardTcxo
                0x080026d4       0x16 ./Core/Inc/sx1272/sx1272mb2das-board.o
                0x080026d4                SX1272SetBoardTcxo
 .text.SX1272GetBoardTcxoWakeupTime
                0x080026ea       0x10 ./Core/Inc/sx1272/sx1272mb2das-board.o
                0x080026ea                SX1272GetBoardTcxoWakeupTime
 *fill*         0x080026fa        0x2 
 .text.SX1272Reset
                0x080026fc       0x68 ./Core/Inc/sx1272/sx1272mb2das-board.o
                0x080026fc                SX1272Reset
 .text.SX1272SetRfTxPower
                0x08002764      0x144 ./Core/Inc/sx1272/sx1272mb2das-board.o
                0x08002764                SX1272SetRfTxPower
 .text.SX1272GetPaSelect
                0x080028a8       0x16 ./Core/Inc/sx1272/sx1272mb2das-board.o
 *fill*         0x080028be        0x2 
 .text.SX1272SetAntSwLowPower
                0x080028c0       0x3c ./Core/Inc/sx1272/sx1272mb2das-board.o
                0x080028c0                SX1272SetAntSwLowPower
 .text.SX1272AntSwInit
                0x080028fc       0x64 ./Core/Inc/sx1272/sx1272mb2das-board.o
                0x080028fc                SX1272AntSwInit
 .text.SX1272AntSwDeInit
                0x08002960       0x38 ./Core/Inc/sx1272/sx1272mb2das-board.o
                0x08002960                SX1272AntSwDeInit
 .text.SX1272SetAntSw
                0x08002998       0x34 ./Core/Inc/sx1272/sx1272mb2das-board.o
                0x08002998                SX1272SetAntSw
 .text.SX1272CheckRfFrequency
                0x080029cc       0x16 ./Core/Inc/sx1272/sx1272mb2das-board.o
                0x080029cc                SX1272CheckRfFrequency
 *fill*         0x080029e2        0x2 
 .text.TimerInsertInList
                0x080029e4       0x88 ./Core/Inc/sx1272/timer.o
 .text.TimerRemoveFromList
                0x08002a6c       0x78 ./Core/Inc/sx1272/timer.o
 .text.TimerInit
                0x08002ae4       0x34 ./Core/Inc/sx1272/timer.o
                0x08002ae4                TimerInit
 .text.TimerStart
                0x08002b18       0x80 ./Core/Inc/sx1272/timer.o
                0x08002b18                TimerStart
 .text.TimerStop
                0x08002b98       0x3c ./Core/Inc/sx1272/timer.o
                0x08002b98                TimerStop
 .text.TimerSetValue
                0x08002bd4       0x2c ./Core/Inc/sx1272/timer.o
                0x08002bd4                TimerSetValue
 .text.TimerIrqHandler
                0x08002c00       0x74 ./Core/Inc/sx1272/timer.o
                0x08002c00                TimerIrqHandler
 .text.memcpy1  0x08002c74       0x38 ./Core/Inc/sx1272/utilities.o
                0x08002c74                memcpy1
 .text.OnTxDone
                0x08002cac       0x30 ./Core/Src/lora_app.o
                0x08002cac                OnTxDone
 .text.OnRxDone
                0x08002cdc      0x108 ./Core/Src/lora_app.o
                0x08002cdc                OnRxDone
 .text.OnTxTimeout
                0x08002de4       0x1c ./Core/Src/lora_app.o
                0x08002de4                OnTxTimeout
 .text.OnRxTimeout
                0x08002e00       0x28 ./Core/Src/lora_app.o
                0x08002e00                OnRxTimeout
 .text.OnRxError
                0x08002e28       0x1c ./Core/Src/lora_app.o
                0x08002e28                OnRxError
 .text.LoRa_Init_User
                0x08002e44       0xec ./Core/Src/lora_app.o
                0x08002e44                LoRa_Init_User
 .text.LoRa_Send_SensorData
                0x08002f30       0xa0 ./Core/Src/lora_app.o
                0x08002f30                LoRa_Send_SensorData
 .text._write   0x08002fd0       0x28 ./Core/Src/main.o
                0x08002fd0                _write
 .text.main     0x08002ff8      0x2e4 ./Core/Src/main.o
                0x08002ff8                main
 .text.SystemClock_Config
                0x080032dc       0xe0 ./Core/Src/main.o
                0x080032dc                SystemClock_Config
 .text.MX_ADC1_Init
                0x080033bc       0xa4 ./Core/Src/main.o
 .text.MX_RTC_Init
                0x08003460      0x118 ./Core/Src/main.o
 .text.MX_SPI1_Init
                0x08003578       0x6c ./Core/Src/main.o
 .text.MX_TIM2_Init
                0x080035e4       0xa4 ./Core/Src/main.o
 .text.MX_TIM3_Init
                0x08003688       0x9c ./Core/Src/main.o
 .text.MX_TIM4_Init
                0x08003724       0x9c ./Core/Src/main.o
 .text.MX_TIM6_Init
                0x080037c0       0x6c ./Core/Src/main.o
 .text.MX_USART2_UART_Init
                0x0800382c       0x54 ./Core/Src/main.o
 .text.MX_GPIO_Init
                0x08003880      0x1dc ./Core/Src/main.o
 .text.Window_Action_Open
                0x08003a5c       0x38 ./Core/Src/main.o
                0x08003a5c                Window_Action_Open
 .text.Window_Action_Close
                0x08003a94       0x2c ./Core/Src/main.o
                0x08003a94                Window_Action_Close
 .text.Window_Action_Stop
                0x08003ac0       0x18 ./Core/Src/main.o
                0x08003ac0                Window_Action_Stop
 .text.Blind_Action_Up
                0x08003ad8       0x30 ./Core/Src/main.o
                0x08003ad8                Blind_Action_Up
 .text.Blind_Action_Down
                0x08003b08       0x30 ./Core/Src/main.o
                0x08003b08                Blind_Action_Down
 .text.Blind_Action_Stop
                0x08003b38       0x18 ./Core/Src/main.o
                0x08003b38                Blind_Action_Stop
 .text.delay_us
                0x08003b50       0x34 ./Core/Src/main.o
                0x08003b50                delay_us
 .text.Set_Pin_Output
                0x08003b84       0x3c ./Core/Src/main.o
                0x08003b84                Set_Pin_Output
 .text.Set_Pin_Input
                0x08003bc0       0x3c ./Core/Src/main.o
                0x08003bc0                Set_Pin_Input
 .text.DHT11_Start
                0x08003bfc       0x48 ./Core/Src/main.o
                0x08003bfc                DHT11_Start
 .text.DHT11_Check_Response
                0x08003c44       0x7c ./Core/Src/main.o
                0x08003c44                DHT11_Check_Response
 .text.DHT11_Read
                0x08003cc0       0xc8 ./Core/Src/main.o
                0x08003cc0                DHT11_Read
 .text.Handle_Periodic_Sensor_Task
                0x08003d88      0x290 ./Core/Src/main.o
                0x08003d88                Handle_Periodic_Sensor_Task
 .text.HAL_GPIO_EXTI_Callback
                0x08004018       0x5c ./Core/Src/main.o
                0x08004018                HAL_GPIO_EXTI_Callback
 .text.HAL_TIM_IC_CaptureCallback
                0x08004074      0x194 ./Core/Src/main.o
                0x08004074                HAL_TIM_IC_CaptureCallback
 .text.HAL_TIM_PeriodElapsedCallback
                0x08004208       0x24 ./Core/Src/main.o
                0x08004208                HAL_TIM_PeriodElapsedCallback
 .text.Error_Handler
                0x0800422c        0xc ./Core/Src/main.o
                0x0800422c                Error_Handler
 .text.HAL_MspInit
                0x08004238       0x50 ./Core/Src/stm32f4xx_hal_msp.o
                0x08004238                HAL_MspInit
 .text.HAL_ADC_MspInit
                0x08004288       0x88 ./Core/Src/stm32f4xx_hal_msp.o
                0x08004288                HAL_ADC_MspInit
 .text.HAL_RTC_MspInit
                0x08004310       0x64 ./Core/Src/stm32f4xx_hal_msp.o
                0x08004310                HAL_RTC_MspInit
 .text.HAL_SPI_MspInit
                0x08004374       0x90 ./Core/Src/stm32f4xx_hal_msp.o
                0x08004374                HAL_SPI_MspInit
 .text.HAL_TIM_IC_MspInit
                0x08004404       0x9c ./Core/Src/stm32f4xx_hal_msp.o
                0x08004404                HAL_TIM_IC_MspInit
 .text.HAL_TIM_Base_MspInit
                0x080044a0       0xb8 ./Core/Src/stm32f4xx_hal_msp.o
                0x080044a0                HAL_TIM_Base_MspInit
 .text.HAL_UART_MspInit
                0x08004558       0x90 ./Core/Src/stm32f4xx_hal_msp.o
                0x08004558                HAL_UART_MspInit
 .text.NMI_Handler
                0x080045e8        0x8 ./Core/Src/stm32f4xx_it.o
                0x080045e8                NMI_Handler
 .text.HardFault_Handler
                0x080045f0        0x8 ./Core/Src/stm32f4xx_it.o
                0x080045f0                HardFault_Handler
 .text.MemManage_Handler
                0x080045f8        0x8 ./Core/Src/stm32f4xx_it.o
                0x080045f8                MemManage_Handler
 .text.BusFault_Handler
                0x08004600        0x8 ./Core/Src/stm32f4xx_it.o
                0x08004600                BusFault_Handler
 .text.UsageFault_Handler
                0x08004608        0x8 ./Core/Src/stm32f4xx_it.o
                0x08004608                UsageFault_Handler
 .text.SVC_Handler
                0x08004610        0xe ./Core/Src/stm32f4xx_it.o
                0x08004610                SVC_Handler
 .text.DebugMon_Handler
                0x0800461e        0xe ./Core/Src/stm32f4xx_it.o
                0x0800461e                DebugMon_Handler
 .text.PendSV_Handler
                0x0800462c        0xe ./Core/Src/stm32f4xx_it.o
                0x0800462c                PendSV_Handler
 .text.SysTick_Handler
                0x0800463a        0xc ./Core/Src/stm32f4xx_it.o
                0x0800463a                SysTick_Handler
 .text.EXTI3_IRQHandler
                0x08004646        0xe ./Core/Src/stm32f4xx_it.o
                0x08004646                EXTI3_IRQHandler
 .text.TIM2_IRQHandler
                0x08004654       0x14 ./Core/Src/stm32f4xx_it.o
                0x08004654                TIM2_IRQHandler
 .text.TIM3_IRQHandler
                0x08004668       0x14 ./Core/Src/stm32f4xx_it.o
                0x08004668                TIM3_IRQHandler
 .text.TIM4_IRQHandler
                0x0800467c       0x14 ./Core/Src/stm32f4xx_it.o
                0x0800467c                TIM4_IRQHandler
 .text.EXTI15_10_IRQHandler
                0x08004690       0x18 ./Core/Src/stm32f4xx_it.o
                0x08004690                EXTI15_10_IRQHandler
 .text.RTC_Alarm_IRQHandler
                0x080046a8       0x14 ./Core/Src/stm32f4xx_it.o
                0x080046a8                RTC_Alarm_IRQHandler
 .text._read    0x080046bc       0x3a ./Core/Src/syscalls.o
                0x080046bc                _read
 .text._close   0x080046f6       0x18 ./Core/Src/syscalls.o
                0x080046f6                _close
 .text._fstat   0x0800470e       0x20 ./Core/Src/syscalls.o
                0x0800470e                _fstat
 .text._isatty  0x0800472e       0x16 ./Core/Src/syscalls.o
                0x0800472e                _isatty
 .text._lseek   0x08004744       0x1a ./Core/Src/syscalls.o
                0x08004744                _lseek
 *fill*         0x0800475e        0x2 
 .text._sbrk    0x08004760       0x6c ./Core/Src/sysmem.o
                0x08004760                _sbrk
 .text.SystemInit
                0x080047cc       0x24 ./Core/Src/system_stm32f4xx.o
                0x080047cc                SystemInit
 .text.Reset_Handler
                0x080047f0       0x50 ./Core/Startup/startup_stm32f446retx.o
                0x080047f0                Reset_Handler
 .text.Default_Handler
                0x08004840        0x2 ./Core/Startup/startup_stm32f446retx.o
                0x08004840                EXTI2_IRQHandler
                0x08004840                TIM8_CC_IRQHandler
                0x08004840                FMPI2C1_EV_IRQHandler
                0x08004840                SPI4_IRQHandler
                0x08004840                TIM1_CC_IRQHandler
                0x08004840                DMA2_Stream5_IRQHandler
                0x08004840                DMA1_Stream5_IRQHandler
                0x08004840                PVD_IRQHandler
                0x08004840                SDIO_IRQHandler
                0x08004840                TAMP_STAMP_IRQHandler
                0x08004840                CAN2_RX1_IRQHandler
                0x08004840                TIM8_TRG_COM_TIM14_IRQHandler
                0x08004840                TIM1_UP_TIM10_IRQHandler
                0x08004840                TIM8_UP_TIM13_IRQHandler
                0x08004840                I2C3_ER_IRQHandler
                0x08004840                EXTI0_IRQHandler
                0x08004840                I2C2_EV_IRQHandler
                0x08004840                DMA1_Stream2_IRQHandler
                0x08004840                CAN1_RX0_IRQHandler
                0x08004840                FPU_IRQHandler
                0x08004840                OTG_HS_WKUP_IRQHandler
                0x08004840                CAN2_SCE_IRQHandler
                0x08004840                DMA2_Stream2_IRQHandler
                0x08004840                SPI1_IRQHandler
                0x08004840                TIM6_DAC_IRQHandler
                0x08004840                TIM1_BRK_TIM9_IRQHandler
                0x08004840                DCMI_IRQHandler
                0x08004840                CAN2_RX0_IRQHandler
                0x08004840                DMA2_Stream3_IRQHandler
                0x08004840                SAI2_IRQHandler
                0x08004840                USART6_IRQHandler
                0x08004840                USART3_IRQHandler
                0x08004840                CAN1_RX1_IRQHandler
                0x08004840                UART5_IRQHandler
                0x08004840                DMA2_Stream0_IRQHandler
                0x08004840                QUADSPI_IRQHandler
                0x08004840                I2C1_EV_IRQHandler
                0x08004840                DMA1_Stream6_IRQHandler
                0x08004840                DMA1_Stream1_IRQHandler
                0x08004840                UART4_IRQHandler
                0x08004840                RCC_IRQHandler
                0x08004840                TIM8_BRK_TIM12_IRQHandler
                0x08004840                Default_Handler
                0x08004840                CEC_IRQHandler
                0x08004840                ADC_IRQHandler
                0x08004840                DMA1_Stream7_IRQHandler
                0x08004840                TIM7_IRQHandler
                0x08004840                CAN2_TX_IRQHandler
                0x08004840                TIM5_IRQHandler
                0x08004840                DMA2_Stream7_IRQHandler
                0x08004840                I2C3_EV_IRQHandler
                0x08004840                EXTI9_5_IRQHandler
                0x08004840                RTC_WKUP_IRQHandler
                0x08004840                SPDIF_RX_IRQHandler
                0x08004840                SPI2_IRQHandler
                0x08004840                OTG_HS_EP1_IN_IRQHandler
                0x08004840                DMA1_Stream0_IRQHandler
                0x08004840                CAN1_TX_IRQHandler
                0x08004840                FMPI2C1_ER_IRQHandler
                0x08004840                EXTI4_IRQHandler
                0x08004840                OTG_HS_EP1_OUT_IRQHandler
                0x08004840                WWDG_IRQHandler
                0x08004840                OTG_FS_WKUP_IRQHandler
                0x08004840                TIM1_TRG_COM_TIM11_IRQHandler
                0x08004840                OTG_HS_IRQHandler
                0x08004840                EXTI1_IRQHandler
                0x08004840                USART2_IRQHandler
                0x08004840                I2C2_ER_IRQHandler
                0x08004840                DMA2_Stream1_IRQHandler
                0x08004840                CAN1_SCE_IRQHandler
                0x08004840                FLASH_IRQHandler
                0x08004840                DMA2_Stream4_IRQHandler
                0x08004840                USART1_IRQHandler
                0x08004840                OTG_FS_IRQHandler
                0x08004840                SPI3_IRQHandler
                0x08004840                DMA1_Stream4_IRQHandler
                0x08004840                I2C1_ER_IRQHandler
                0x08004840                FMC_IRQHandler
                0x08004840                DMA2_Stream6_IRQHandler
                0x08004840                SAI1_IRQHandler
                0x08004840                DMA1_Stream3_IRQHandler
 *fill*         0x08004842        0x2 
 .text.HAL_Init
                0x08004844       0x44 ./Drivers/STM32F4xx_HAL_Driver/Src/stm32f4xx_hal.o
                0x08004844                HAL_Init
 .text.HAL_InitTick
                0x08004888       0x60 ./Drivers/STM32F4xx_HAL_Driver/Src/stm32f4xx_hal.o
                0x08004888                HAL_InitTick
 .text.HAL_IncTick
                0x080048e8       0x28 ./Drivers/STM32F4xx_HAL_Driver/Src/stm32f4xx_hal.o
                0x080048e8                HAL_IncTick
 .text.HAL_GetTick
                0x08004910       0x18 ./Drivers/STM32F4xx_HAL_Driver/Src/stm32f4xx_hal.o
                0x08004910                HAL_GetTick
 .text.HAL_Delay
                0x08004928       0x48 ./Drivers/STM32F4xx_HAL_Driver/Src/stm32f4xx_hal.o
                0x08004928                HAL_Delay
 .text.HAL_ADC_Init
                0x08004970       0x86 ./Drivers/STM32F4xx_HAL_Driver/Src/stm32f4xx_hal_adc.o
                0x08004970                HAL_ADC_Init
 *fill*         0x080049f6        0x2 
 .text.HAL_ADC_Start
                0x080049f8      0x1a4 ./Drivers/STM32F4xx_HAL_Driver/Src/stm32f4xx_hal_adc.o
                0x080049f8                HAL_ADC_Start
 .text.HAL_ADC_Stop
                0x08004b9c       0x66 ./Drivers/STM32F4xx_HAL_Driver/Src/stm32f4xx_hal_adc.o
                0x08004b9c                HAL_ADC_Stop
 .text.HAL_ADC_PollForConversion
                0x08004c02      0x116 ./Drivers/STM32F4xx_HAL_Driver/Src/stm32f4xx_hal_adc.o
                0x08004c02                HAL_ADC_PollForConversion
 .text.HAL_ADC_GetValue
                0x08004d18       0x1a ./Drivers/STM32F4xx_HAL_Driver/Src/stm32f4xx_hal_adc.o
                0x08004d18                HAL_ADC_GetValue
 *fill*         0x08004d32        0x2 
 .text.HAL_ADC_ConfigChannel
                0x08004d34      0x264 ./Drivers/STM32F4xx_HAL_Driver/Src/stm32f4xx_hal_adc.o
                0x08004d34                HAL_ADC_ConfigChannel
 .text.ADC_Init
                0x08004f98      0x1f8 ./Drivers/STM32F4xx_HAL_Driver/Src/stm32f4xx_hal_adc.o
 .text.__NVIC_SetPriorityGrouping
                0x08005190       0x48 ./Drivers/STM32F4xx_HAL_Driver/Src/stm32f4xx_hal_cortex.o
 .text.__NVIC_GetPriorityGrouping
                0x080051d8       0x1c ./Drivers/STM32F4xx_HAL_Driver/Src/stm32f4xx_hal_cortex.o
 .text.__NVIC_EnableIRQ
                0x080051f4       0x3c ./Drivers/STM32F4xx_HAL_Driver/Src/stm32f4xx_hal_cortex.o
 .text.__NVIC_SetPriority
                0x08005230       0x54 ./Drivers/STM32F4xx_HAL_Driver/Src/stm32f4xx_hal_cortex.o
 .text.NVIC_EncodePriority
                0x08005284       0x66 ./Drivers/STM32F4xx_HAL_Driver/Src/stm32f4xx_hal_cortex.o
 *fill*         0x080052ea        0x2 
 .text.SysTick_Config
                0x080052ec       0x44 ./Drivers/STM32F4xx_HAL_Driver/Src/stm32f4xx_hal_cortex.o
 .text.HAL_NVIC_SetPriorityGrouping
                0x08005330       0x16 ./Drivers/STM32F4xx_HAL_Driver/Src/stm32f4xx_hal_cortex.o
                0x08005330                HAL_NVIC_SetPriorityGrouping
 .text.HAL_NVIC_SetPriority
                0x08005346       0x38 ./Drivers/STM32F4xx_HAL_Driver/Src/stm32f4xx_hal_cortex.o
                0x08005346                HAL_NVIC_SetPriority
 .text.HAL_NVIC_EnableIRQ
                0x0800537e       0x1c ./Drivers/STM32F4xx_HAL_Driver/Src/stm32f4xx_hal_cortex.o
                0x0800537e                HAL_NVIC_EnableIRQ
 .text.HAL_SYSTICK_Config
                0x0800539a       0x18 ./Drivers/STM32F4xx_HAL_Driver/Src/stm32f4xx_hal_cortex.o
                0x0800539a                HAL_SYSTICK_Config
 *fill*         0x080053b2        0x2 
 .text.HAL_GPIO_Init
                0x080053b4      0x328 ./Drivers/STM32F4xx_HAL_Driver/Src/stm32f4xx_hal_gpio.o
                0x080053b4                HAL_GPIO_Init
 .text.HAL_GPIO_ReadPin
                0x080056dc       0x30 ./Drivers/STM32F4xx_HAL_Driver/Src/stm32f4xx_hal_gpio.o
                0x080056dc                HAL_GPIO_ReadPin
 .text.HAL_GPIO_WritePin
                0x0800570c       0x32 ./Drivers/STM32F4xx_HAL_Driver/Src/stm32f4xx_hal_gpio.o
                0x0800570c                HAL_GPIO_WritePin
 *fill*         0x0800573e        0x2 
 .text.HAL_GPIO_EXTI_IRQHandler
                0x08005740       0x30 ./Drivers/STM32F4xx_HAL_Driver/Src/stm32f4xx_hal_gpio.o
                0x08005740                HAL_GPIO_EXTI_IRQHandler
 .text.HAL_RCC_ClockConfig
                0x08005770      0x1cc ./Drivers/STM32F4xx_HAL_Driver/Src/stm32f4xx_hal_rcc.o
                0x08005770                HAL_RCC_ClockConfig
 .text.HAL_RCC_GetHCLKFreq
                0x0800593c       0x18 ./Drivers/STM32F4xx_HAL_Driver/Src/stm32f4xx_hal_rcc.o
                0x0800593c                HAL_RCC_GetHCLKFreq
 .text.HAL_RCC_GetPCLK1Freq
                0x08005954       0x28 ./Drivers/STM32F4xx_HAL_Driver/Src/stm32f4xx_hal_rcc.o
                0x08005954                HAL_RCC_GetPCLK1Freq
 .text.HAL_RCC_GetPCLK2Freq
                0x0800597c       0x28 ./Drivers/STM32F4xx_HAL_Driver/Src/stm32f4xx_hal_rcc.o
                0x0800597c                HAL_RCC_GetPCLK2Freq
 .text.HAL_RCCEx_PeriphCLKConfig
                0x080059a4      0x654 ./Drivers/STM32F4xx_HAL_Driver/Src/stm32f4xx_hal_rcc_ex.o
                0x080059a4                HAL_RCCEx_PeriphCLKConfig
 .text.HAL_RCC_GetSysClockFreq
                0x08005ff8      0x460 ./Drivers/STM32F4xx_HAL_Driver/Src/stm32f4xx_hal_rcc_ex.o
                0x08005ff8                HAL_RCC_GetSysClockFreq
 .text.HAL_RCC_OscConfig
                0x08006458      0x53c ./Drivers/STM32F4xx_HAL_Driver/Src/stm32f4xx_hal_rcc_ex.o
                0x08006458                HAL_RCC_OscConfig
 .text.HAL_RTC_Init
                0x08006994      0x102 ./Drivers/STM32F4xx_HAL_Driver/Src/stm32f4xx_hal_rtc.o
                0x08006994                HAL_RTC_Init
 .text.HAL_RTC_SetTime
                0x08006a96      0x134 ./Drivers/STM32F4xx_HAL_Driver/Src/stm32f4xx_hal_rtc.o
                0x08006a96                HAL_RTC_SetTime
 .text.HAL_RTC_SetDate
                0x08006bca      0x108 ./Drivers/STM32F4xx_HAL_Driver/Src/stm32f4xx_hal_rtc.o
                0x08006bca                HAL_RTC_SetDate
 *fill*         0x08006cd2        0x2 
 .text.HAL_RTC_SetAlarm_IT
                0x08006cd4      0x288 ./Drivers/STM32F4xx_HAL_Driver/Src/stm32f4xx_hal_rtc.o
                0x08006cd4                HAL_RTC_SetAlarm_IT
 .text.HAL_RTC_AlarmIRQHandler
                0x08006f5c       0x8c ./Drivers/STM32F4xx_HAL_Driver/Src/stm32f4xx_hal_rtc.o
                0x08006f5c                HAL_RTC_AlarmIRQHandler
 .text.HAL_RTC_AlarmAEventCallback
                0x08006fe8       0x14 ./Drivers/STM32F4xx_HAL_Driver/Src/stm32f4xx_hal_rtc.o
                0x08006fe8                HAL_RTC_AlarmAEventCallback
 .text.HAL_RTC_WaitForSynchro
                0x08006ffc       0x4c ./Drivers/STM32F4xx_HAL_Driver/Src/stm32f4xx_hal_rtc.o
                0x08006ffc                HAL_RTC_WaitForSynchro
 .text.RTC_EnterInitMode
                0x08007048       0x6e ./Drivers/STM32F4xx_HAL_Driver/Src/stm32f4xx_hal_rtc.o
                0x08007048                RTC_EnterInitMode
 .text.RTC_ExitInitMode
                0x080070b6       0x4a ./Drivers/STM32F4xx_HAL_Driver/Src/stm32f4xx_hal_rtc.o
                0x080070b6                RTC_ExitInitMode
 .text.RTC_ByteToBcd2
                0x08007100       0x3c ./Drivers/STM32F4xx_HAL_Driver/Src/stm32f4xx_hal_rtc.o
                0x08007100                RTC_ByteToBcd2
 .text.HAL_RTCEx_AlarmBEventCallback
                0x0800713c       0x14 ./Drivers/STM32F4xx_HAL_Driver/Src/stm32f4xx_hal_rtc_ex.o
                0x0800713c                HAL_RTCEx_AlarmBEventCallback
 .text.HAL_SPI_Init
                0x08007150      0x112 ./Drivers/STM32F4xx_HAL_Driver/Src/stm32f4xx_hal_spi.o
                0x08007150                HAL_SPI_Init
 .text.HAL_SPI_Transmit
                0x08007262      0x288 ./Drivers/STM32F4xx_HAL_Driver/Src/stm32f4xx_hal_spi.o
                0x08007262                HAL_SPI_Transmit
 .text.HAL_SPI_Receive
                0x080074ea      0x232 ./Drivers/STM32F4xx_HAL_Driver/Src/stm32f4xx_hal_spi.o
                0x080074ea                HAL_SPI_Receive
 .text.HAL_SPI_TransmitReceive
                0x0800771c      0x352 ./Drivers/STM32F4xx_HAL_Driver/Src/stm32f4xx_hal_spi.o
                0x0800771c                HAL_SPI_TransmitReceive
 *fill*         0x08007a6e        0x2 
 .text.SPI_WaitFlagStateUntilTimeout
                0x08007a70      0x110 ./Drivers/STM32F4xx_HAL_Driver/Src/stm32f4xx_hal_spi.o
 .text.SPI_EndRxTransaction
                0x08007b80       0xca ./Drivers/STM32F4xx_HAL_Driver/Src/stm32f4xx_hal_spi.o
 *fill*         0x08007c4a        0x2 
 .text.SPI_EndRxTxTransaction
                0x08007c4c       0xa8 ./Drivers/STM32F4xx_HAL_Driver/Src/stm32f4xx_hal_spi.o
 .text.HAL_TIM_Base_Init
                0x08007cf4       0x9e ./Drivers/STM32F4xx_HAL_Driver/Src/stm32f4xx_hal_tim.o
                0x08007cf4                HAL_TIM_Base_Init
 *fill*         0x08007d92        0x2 
 .text.HAL_TIM_Base_Start
                0x08007d94       0xd0 ./Drivers/STM32F4xx_HAL_Driver/Src/stm32f4xx_hal_tim.o
                0x08007d94                HAL_TIM_Base_Start
 .text.HAL_TIM_Base_Start_IT
                0x08007e64       0xe0 ./Drivers/STM32F4xx_HAL_Driver/Src/stm32f4xx_hal_tim.o
                0x08007e64                HAL_TIM_Base_Start_IT
 .text.HAL_TIM_Base_Stop_IT
                0x08007f44       0x5e ./Drivers/STM32F4xx_HAL_Driver/Src/stm32f4xx_hal_tim.o
                0x08007f44                HAL_TIM_Base_Stop_IT
 .text.HAL_TIM_IC_Init
                0x08007fa2       0x9e ./Drivers/STM32F4xx_HAL_Driver/Src/stm32f4xx_hal_tim.o
                0x08007fa2                HAL_TIM_IC_Init
 .text.HAL_TIM_IC_Start_IT
                0x08008040      0x250 ./Drivers/STM32F4xx_HAL_Driver/Src/stm32f4xx_hal_tim.o
                0x08008040                HAL_TIM_IC_Start_IT
 .text.HAL_TIM_IRQHandler
                0x08008290      0x1e0 ./Drivers/STM32F4xx_HAL_Driver/Src/stm32f4xx_hal_tim.o
                0x08008290                HAL_TIM_IRQHandler
 .text.HAL_TIM_IC_ConfigChannel
                0x08008470      0x138 ./Drivers/STM32F4xx_HAL_Driver/Src/stm32f4xx_hal_tim.o
                0x08008470                HAL_TIM_IC_ConfigChannel
 .text.HAL_TIM_ConfigClockSource
                0x080085a8      0x18e ./Drivers/STM32F4xx_HAL_Driver/Src/stm32f4xx_hal_tim.o
                0x080085a8                HAL_TIM_ConfigClockSource
 *fill*         0x08008736        0x2 
 .text.HAL_TIM_ReadCapturedValue
                0x08008738       0x88 ./Drivers/STM32F4xx_HAL_Driver/Src/stm32f4xx_hal_tim.o
                0x08008738                HAL_TIM_ReadCapturedValue
 .text.HAL_TIM_OC_DelayElapsedCallback
                0x080087c0       0x14 ./Drivers/STM32F4xx_HAL_Driver/Src/stm32f4xx_hal_tim.o
                0x080087c0                HAL_TIM_OC_DelayElapsedCallback
 .text.HAL_TIM_PWM_PulseFinishedCallback
                0x080087d4       0x14 ./Drivers/STM32F4xx_HAL_Driver/Src/stm32f4xx_hal_tim.o
                0x080087d4                HAL_TIM_PWM_PulseFinishedCallback
 .text.HAL_TIM_TriggerCallback
                0x080087e8       0x14 ./Drivers/STM32F4xx_HAL_Driver/Src/stm32f4xx_hal_tim.o
                0x080087e8                HAL_TIM_TriggerCallback
 .text.TIM_Base_SetConfig
                0x080087fc      0x14c ./Drivers/STM32F4xx_HAL_Driver/Src/stm32f4xx_hal_tim.o
                0x080087fc                TIM_Base_SetConfig
 .text.TIM_TI1_SetConfig
                0x08008948       0xe8 ./Drivers/STM32F4xx_HAL_Driver/Src/stm32f4xx_hal_tim.o
                0x08008948                TIM_TI1_SetConfig
 .text.TIM_TI1_ConfigInputStage
                0x08008a30       0x5e ./Drivers/STM32F4xx_HAL_Driver/Src/stm32f4xx_hal_tim.o
 .text.TIM_TI2_SetConfig
                0x08008a8e       0x7a ./Drivers/STM32F4xx_HAL_Driver/Src/stm32f4xx_hal_tim.o
 .text.TIM_TI2_ConfigInputStage
                0x08008b08       0x60 ./Drivers/STM32F4xx_HAL_Driver/Src/stm32f4xx_hal_tim.o
 .text.TIM_TI3_SetConfig
                0x08008b68       0x78 ./Drivers/STM32F4xx_HAL_Driver/Src/stm32f4xx_hal_tim.o
 .text.TIM_TI4_SetConfig
                0x08008be0       0x7a ./Drivers/STM32F4xx_HAL_Driver/Src/stm32f4xx_hal_tim.o
 .text.TIM_ITRx_SetConfig
                0x08008c5a       0x36 ./Drivers/STM32F4xx_HAL_Driver/Src/stm32f4xx_hal_tim.o
 .text.TIM_ETR_SetConfig
                0x08008c90       0x40 ./Drivers/STM32F4xx_HAL_Driver/Src/stm32f4xx_hal_tim.o
                0x08008c90                TIM_ETR_SetConfig
 .text.TIM_CCxChannelCmd
                0x08008cd0       0x4a ./Drivers/STM32F4xx_HAL_Driver/Src/stm32f4xx_hal_tim.o
                0x08008cd0                TIM_CCxChannelCmd
 *fill*         0x08008d1a        0x2 
 .text.HAL_TIMEx_MasterConfigSynchronization
                0x08008d1c       0xf8 ./Drivers/STM32F4xx_HAL_Driver/Src/stm32f4xx_hal_tim_ex.o
                0x08008d1c                HAL_TIMEx_MasterConfigSynchronization
 .text.HAL_TIMEx_CommutCallback
                0x08008e14       0x14 ./Drivers/STM32F4xx_HAL_Driver/Src/stm32f4xx_hal_tim_ex.o
                0x08008e14                HAL_TIMEx_CommutCallback
 .text.HAL_TIMEx_BreakCallback
                0x08008e28       0x14 ./Drivers/STM32F4xx_HAL_Driver/Src/stm32f4xx_hal_tim_ex.o
                0x08008e28                HAL_TIMEx_BreakCallback
 .text.HAL_UART_Init
                0x08008e3c       0xa0 ./Drivers/STM32F4xx_HAL_Driver/Src/stm32f4xx_hal_uart.o
                0x08008e3c                HAL_UART_Init
 .text.HAL_UART_Transmit
                0x08008edc      0x116 ./Drivers/STM32F4xx_HAL_Driver/Src/stm32f4xx_hal_uart.o
                0x08008edc                HAL_UART_Transmit
 .text.UART_WaitOnFlagUntilTimeout
                0x08008ff2       0xb2 ./Drivers/STM32F4xx_HAL_Driver/Src/stm32f4xx_hal_uart.o
 .text.UART_EndRxTransfer
                0x080090a4       0xc6 ./Drivers/STM32F4xx_HAL_Driver/Src/stm32f4xx_hal_uart.o
 *fill*         0x0800916a        0x2 
 .text.UART_SetConfig
                0x0800916c      0x4e8 ./Drivers/STM32F4xx_HAL_Driver/Src/stm32f4xx_hal_uart.o
 .text.std      0x08009654       0x6c C:/ST/STM32CubeIDE_1.19.0/STM32CubeIDE/plugins/com.st.stm32cube.ide.mcu.externaltools.gnu-tools-for-stm32.13.3.rel1.win32_1.0.0.202411081344/tools/bin/../lib/gcc/arm-none-eabi/13.3.1/../../../../arm-none-eabi/lib/thumb/v7e-m+fp/hard\libc_nano.a(libc_a-findfp.o)
 .text.stdio_exit_handler
                0x080096c0       0x18 C:/ST/STM32CubeIDE_1.19.0/STM32CubeIDE/plugins/com.st.stm32cube.ide.mcu.externaltools.gnu-tools-for-stm32.13.3.rel1.win32_1.0.0.202411081344/tools/bin/../lib/gcc/arm-none-eabi/13.3.1/../../../../arm-none-eabi/lib/thumb/v7e-m+fp/hard\libc_nano.a(libc_a-findfp.o)
 .text.cleanup_stdio
                0x080096d8       0x40 C:/ST/STM32CubeIDE_1.19.0/STM32CubeIDE/plugins/com.st.stm32cube.ide.mcu.externaltools.gnu-tools-for-stm32.13.3.rel1.win32_1.0.0.202411081344/tools/bin/../lib/gcc/arm-none-eabi/13.3.1/../../../../arm-none-eabi/lib/thumb/v7e-m+fp/hard\libc_nano.a(libc_a-findfp.o)
 .text.global_stdio_init.part.0
                0x08009718       0x3c C:/ST/STM32CubeIDE_1.19.0/STM32CubeIDE/plugins/com.st.stm32cube.ide.mcu.externaltools.gnu-tools-for-stm32.13.3.rel1.win32_1.0.0.202411081344/tools/bin/../lib/gcc/arm-none-eabi/13.3.1/../../../../arm-none-eabi/lib/thumb/v7e-m+fp/hard\libc_nano.a(libc_a-findfp.o)
 .text.__sfp_lock_acquire
                0x08009754        0xc C:/ST/STM32CubeIDE_1.19.0/STM32CubeIDE/plugins/com.st.stm32cube.ide.mcu.externaltools.gnu-tools-for-stm32.13.3.rel1.win32_1.0.0.202411081344/tools/bin/../lib/gcc/arm-none-eabi/13.3.1/../../../../arm-none-eabi/lib/thumb/v7e-m+fp/hard\libc_nano.a(libc_a-findfp.o)
                0x08009754                __sfp_lock_acquire
 .text.__sfp_lock_release
                0x08009760        0xc C:/ST/STM32CubeIDE_1.19.0/STM32CubeIDE/plugins/com.st.stm32cube.ide.mcu.externaltools.gnu-tools-for-stm32.13.3.rel1.win32_1.0.0.202411081344/tools/bin/../lib/gcc/arm-none-eabi/13.3.1/../../../../arm-none-eabi/lib/thumb/v7e-m+fp/hard\libc_nano.a(libc_a-findfp.o)
                0x08009760                __sfp_lock_release
 .text.__sinit  0x0800976c       0x30 C:/ST/STM32CubeIDE_1.19.0/STM32CubeIDE/plugins/com.st.stm32cube.ide.mcu.externaltools.gnu-tools-for-stm32.13.3.rel1.win32_1.0.0.202411081344/tools/bin/../lib/gcc/arm-none-eabi/13.3.1/../../../../arm-none-eabi/lib/thumb/v7e-m+fp/hard\libc_nano.a(libc_a-findfp.o)
                0x0800976c                __sinit
 .text._fwalk_sglue
                0x0800979c       0x3c C:/ST/STM32CubeIDE_1.19.0/STM32CubeIDE/plugins/com.st.stm32cube.ide.mcu.externaltools.gnu-tools-for-stm32.13.3.rel1.win32_1.0.0.202411081344/tools/bin/../lib/gcc/arm-none-eabi/13.3.1/../../../../arm-none-eabi/lib/thumb/v7e-m+fp/hard\libc_nano.a(libc_a-fwalk.o)
                0x0800979c                _fwalk_sglue
 .text.printf   0x080097d8       0x24 C:/ST/STM32CubeIDE_1.19.0/STM32CubeIDE/plugins/com.st.stm32cube.ide.mcu.externaltools.gnu-tools-for-stm32.13.3.rel1.win32_1.0.0.202411081344/tools/bin/../lib/gcc/arm-none-eabi/13.3.1/../../../../arm-none-eabi/lib/thumb/v7e-m+fp/hard\libc_nano.a(libc_a-printf.o)
                0x080097d8                iprintf
                0x080097d8                printf
 .text._puts_r  0x080097fc       0xaa C:/ST/STM32CubeIDE_1.19.0/STM32CubeIDE/plugins/com.st.stm32cube.ide.mcu.externaltools.gnu-tools-for-stm32.13.3.rel1.win32_1.0.0.202411081344/tools/bin/../lib/gcc/arm-none-eabi/13.3.1/../../../../arm-none-eabi/lib/thumb/v7e-m+fp/hard\libc_nano.a(libc_a-puts.o)
                0x080097fc                _puts_r
 *fill*         0x080098a6        0x2 
 .text.puts     0x080098a8       0x10 C:/ST/STM32CubeIDE_1.19.0/STM32CubeIDE/plugins/com.st.stm32cube.ide.mcu.externaltools.gnu-tools-for-stm32.13.3.rel1.win32_1.0.0.202411081344/tools/bin/../lib/gcc/arm-none-eabi/13.3.1/../../../../arm-none-eabi/lib/thumb/v7e-m+fp/hard\libc_nano.a(libc_a-puts.o)
                0x080098a8                puts
 .text.sprintf  0x080098b8       0x44 C:/ST/STM32CubeIDE_1.19.0/STM32CubeIDE/plugins/com.st.stm32cube.ide.mcu.externaltools.gnu-tools-for-stm32.13.3.rel1.win32_1.0.0.202411081344/tools/bin/../lib/gcc/arm-none-eabi/13.3.1/../../../../arm-none-eabi/lib/thumb/v7e-m+fp/hard\libc_nano.a(libc_a-sprintf.o)
                0x080098b8                siprintf
                0x080098b8                sprintf
 .text.__sread  0x080098fc       0x22 C:/ST/STM32CubeIDE_1.19.0/STM32CubeIDE/plugins/com.st.stm32cube.ide.mcu.externaltools.gnu-tools-for-stm32.13.3.rel1.win32_1.0.0.202411081344/tools/bin/../lib/gcc/arm-none-eabi/13.3.1/../../../../arm-none-eabi/lib/thumb/v7e-m+fp/hard\libc_nano.a(libc_a-stdio.o)
                0x080098fc                __sread
 .text.__swrite
                0x0800991e       0x38 C:/ST/STM32CubeIDE_1.19.0/STM32CubeIDE/plugins/com.st.stm32cube.ide.mcu.externaltools.gnu-tools-for-stm32.13.3.rel1.win32_1.0.0.202411081344/tools/bin/../lib/gcc/arm-none-eabi/13.3.1/../../../../arm-none-eabi/lib/thumb/v7e-m+fp/hard\libc_nano.a(libc_a-stdio.o)
                0x0800991e                __swrite
 .text.__sseek  0x08009956       0x24 C:/ST/STM32CubeIDE_1.19.0/STM32CubeIDE/plugins/com.st.stm32cube.ide.mcu.externaltools.gnu-tools-for-stm32.13.3.rel1.win32_1.0.0.202411081344/tools/bin/../lib/gcc/arm-none-eabi/13.3.1/../../../../arm-none-eabi/lib/thumb/v7e-m+fp/hard\libc_nano.a(libc_a-stdio.o)
                0x08009956                __sseek
 .text.__sclose
                0x0800997a        0x8 C:/ST/STM32CubeIDE_1.19.0/STM32CubeIDE/plugins/com.st.stm32cube.ide.mcu.externaltools.gnu-tools-for-stm32.13.3.rel1.win32_1.0.0.202411081344/tools/bin/../lib/gcc/arm-none-eabi/13.3.1/../../../../arm-none-eabi/lib/thumb/v7e-m+fp/hard\libc_nano.a(libc_a-stdio.o)
                0x0800997a                __sclose
 .text.__swbuf_r
                0x08009982       0x7c C:/ST/STM32CubeIDE_1.19.0/STM32CubeIDE/plugins/com.st.stm32cube.ide.mcu.externaltools.gnu-tools-for-stm32.13.3.rel1.win32_1.0.0.202411081344/tools/bin/../lib/gcc/arm-none-eabi/13.3.1/../../../../arm-none-eabi/lib/thumb/v7e-m+fp/hard\libc_nano.a(libc_a-wbuf.o)
                0x08009982                __swbuf_r
 *fill*         0x080099fe        0x2 
 .text.__swsetup_r
                0x08009a00       0xac C:/ST/STM32CubeIDE_1.19.0/STM32CubeIDE/plugins/com.st.stm32cube.ide.mcu.externaltools.gnu-tools-for-stm32.13.3.rel1.win32_1.0.0.202411081344/tools/bin/../lib/gcc/arm-none-eabi/13.3.1/../../../../arm-none-eabi/lib/thumb/v7e-m+fp/hard\libc_nano.a(libc_a-wsetup.o)
                0x08009a00                __swsetup_r
 .text.memset   0x08009aac       0x10 C:/ST/STM32CubeIDE_1.19.0/STM32CubeIDE/plugins/com.st.stm32cube.ide.mcu.externaltools.gnu-tools-for-stm32.13.3.rel1.win32_1.0.0.202411081344/tools/bin/../lib/gcc/arm-none-eabi/13.3.1/../../../../arm-none-eabi/lib/thumb/v7e-m+fp/hard\libc_nano.a(libc_a-memset.o)
                0x08009aac                memset
 .text.strncmp  0x08009abc       0x24 C:/ST/STM32CubeIDE_1.19.0/STM32CubeIDE/plugins/com.st.stm32cube.ide.mcu.externaltools.gnu-tools-for-stm32.13.3.rel1.win32_1.0.0.202411081344/tools/bin/../lib/gcc/arm-none-eabi/13.3.1/../../../../arm-none-eabi/lib/thumb/v7e-m+fp/hard\libc_nano.a(libc_a-strncmp.o)
                0x08009abc                strncmp
 .text._close_r
                0x08009ae0       0x20 C:/ST/STM32CubeIDE_1.19.0/STM32CubeIDE/plugins/com.st.stm32cube.ide.mcu.externaltools.gnu-tools-for-stm32.13.3.rel1.win32_1.0.0.202411081344/tools/bin/../lib/gcc/arm-none-eabi/13.3.1/../../../../arm-none-eabi/lib/thumb/v7e-m+fp/hard\libc_nano.a(libc_a-closer.o)
                0x08009ae0                _close_r
 .text._lseek_r
                0x08009b00       0x24 C:/ST/STM32CubeIDE_1.19.0/STM32CubeIDE/plugins/com.st.stm32cube.ide.mcu.externaltools.gnu-tools-for-stm32.13.3.rel1.win32_1.0.0.202411081344/tools/bin/../lib/gcc/arm-none-eabi/13.3.1/../../../../arm-none-eabi/lib/thumb/v7e-m+fp/hard\libc_nano.a(libc_a-lseekr.o)
                0x08009b00                _lseek_r
 .text._read_r  0x08009b24       0x24 C:/ST/STM32CubeIDE_1.19.0/STM32CubeIDE/plugins/com.st.stm32cube.ide.mcu.externaltools.gnu-tools-for-stm32.13.3.rel1.win32_1.0.0.202411081344/tools/bin/../lib/gcc/arm-none-eabi/13.3.1/../../../../arm-none-eabi/lib/thumb/v7e-m+fp/hard\libc_nano.a(libc_a-readr.o)
                0x08009b24                _read_r
 .text._write_r
                0x08009b48       0x24 C:/ST/STM32CubeIDE_1.19.0/STM32CubeIDE/plugins/com.st.stm32cube.ide.mcu.externaltools.gnu-tools-for-stm32.13.3.rel1.win32_1.0.0.202411081344/tools/bin/../lib/gcc/arm-none-eabi/13.3.1/../../../../arm-none-eabi/lib/thumb/v7e-m+fp/hard\libc_nano.a(libc_a-writer.o)
                0x08009b48                _write_r
 .text.__errno  0x08009b6c        0xc C:/ST/STM32CubeIDE_1.19.0/STM32CubeIDE/plugins/com.st.stm32cube.ide.mcu.externaltools.gnu-tools-for-stm32.13.3.rel1.win32_1.0.0.202411081344/tools/bin/../lib/gcc/arm-none-eabi/13.3.1/../../../../arm-none-eabi/lib/thumb/v7e-m+fp/hard\libc_nano.a(libc_a-errno.o)
                0x08009b6c                __errno
 .text.__libc_init_array
                0x08009b78       0x48 C:/ST/STM32CubeIDE_1.19.0/STM32CubeIDE/plugins/com.st.stm32cube.ide.mcu.externaltools.gnu-tools-for-stm32.13.3.rel1.win32_1.0.0.202411081344/tools/bin/../lib/gcc/arm-none-eabi/13.3.1/../../../../arm-none-eabi/lib/thumb/v7e-m+fp/hard\libc_nano.a(libc_a-init.o)
                0x08009b78                __libc_init_array
 .text.__retarget_lock_init_recursive
                0x08009bc0        0x2 C:/ST/STM32CubeIDE_1.19.0/STM32CubeIDE/plugins/com.st.stm32cube.ide.mcu.externaltools.gnu-tools-for-stm32.13.3.rel1.win32_1.0.0.202411081344/tools/bin/../lib/gcc/arm-none-eabi/13.3.1/../../../../arm-none-eabi/lib/thumb/v7e-m+fp/hard\libc_nano.a(libc_a-lock.o)
                0x08009bc0                __retarget_lock_init_recursive
 .text.__retarget_lock_acquire_recursive
                0x08009bc2        0x2 C:/ST/STM32CubeIDE_1.19.0/STM32CubeIDE/plugins/com.st.stm32cube.ide.mcu.externaltools.gnu-tools-for-stm32.13.3.rel1.win32_1.0.0.202411081344/tools/bin/../lib/gcc/arm-none-eabi/13.3.1/../../../../arm-none-eabi/lib/thumb/v7e-m+fp/hard\libc_nano.a(libc_a-lock.o)
                0x08009bc2                __retarget_lock_acquire_recursive
 .text.__retarget_lock_release_recursive
                0x08009bc4        0x2 C:/ST/STM32CubeIDE_1.19.0/STM32CubeIDE/plugins/com.st.stm32cube.ide.mcu.externaltools.gnu-tools-for-stm32.13.3.rel1.win32_1.0.0.202411081344/tools/bin/../lib/gcc/arm-none-eabi/13.3.1/../../../../arm-none-eabi/lib/thumb/v7e-m+fp/hard\libc_nano.a(libc_a-lock.o)
                0x08009bc4                __retarget_lock_release_recursive
 .text.memcpy   0x08009bc6       0x1c C:/ST/STM32CubeIDE_1.19.0/STM32CubeIDE/plugins/com.st.stm32cube.ide.mcu.externaltools.gnu-tools-for-stm32.13.3.rel1.win32_1.0.0.202411081344/tools/bin/../lib/gcc/arm-none-eabi/13.3.1/../../../../arm-none-eabi/lib/thumb/v7e-m+fp/hard\libc_nano.a(libc_a-memcpy-stub.o)
                0x08009bc6                memcpy
 *fill*         0x08009be2        0x2 
 .text._free_r  0x08009be4       0x94 C:/ST/STM32CubeIDE_1.19.0/STM32CubeIDE/plugins/com.st.stm32cube.ide.mcu.externaltools.gnu-tools-for-stm32.13.3.rel1.win32_1.0.0.202411081344/tools/bin/../lib/gcc/arm-none-eabi/13.3.1/../../../../arm-none-eabi/lib/thumb/v7e-m+fp/hard\libc_nano.a(libc_a-freer.o)
                0x08009be4                _free_r
 .text.sbrk_aligned
                0x08009c78       0x44 C:/ST/STM32CubeIDE_1.19.0/STM32CubeIDE/plugins/com.st.stm32cube.ide.mcu.externaltools.gnu-tools-for-stm32.13.3.rel1.win32_1.0.0.202411081344/tools/bin/../lib/gcc/arm-none-eabi/13.3.1/../../../../arm-none-eabi/lib/thumb/v7e-m+fp/hard\libc_nano.a(libc_a-mallocr.o)
 .text._malloc_r
                0x08009cbc      0x100 C:/ST/STM32CubeIDE_1.19.0/STM32CubeIDE/plugins/com.st.stm32cube.ide.mcu.externaltools.gnu-tools-for-stm32.13.3.rel1.win32_1.0.0.202411081344/tools/bin/../lib/gcc/arm-none-eabi/13.3.1/../../../../arm-none-eabi/lib/thumb/v7e-m+fp/hard\libc_nano.a(libc_a-mallocr.o)
                0x08009cbc                _malloc_r
 .text.__malloc_lock
                0x08009dbc        0xc C:/ST/STM32CubeIDE_1.19.0/STM32CubeIDE/plugins/com.st.stm32cube.ide.mcu.externaltools.gnu-tools-for-stm32.13.3.rel1.win32_1.0.0.202411081344/tools/bin/../lib/gcc/arm-none-eabi/13.3.1/../../../../arm-none-eabi/lib/thumb/v7e-m+fp/hard\libc_nano.a(libc_a-mlock.o)
                0x08009dbc                __malloc_lock
 .text.__malloc_unlock
                0x08009dc8        0xc C:/ST/STM32CubeIDE_1.19.0/STM32CubeIDE/plugins/com.st.stm32cube.ide.mcu.externaltools.gnu-tools-for-stm32.13.3.rel1.win32_1.0.0.202411081344/tools/bin/../lib/gcc/arm-none-eabi/13.3.1/../../../../arm-none-eabi/lib/thumb/v7e-m+fp/hard\libc_nano.a(libc_a-mlock.o)
                0x08009dc8                __malloc_unlock
 .text.__ssputs_r
                0x08009dd4       0xb6 C:/ST/STM32CubeIDE_1.19.0/STM32CubeIDE/plugins/com.st.stm32cube.ide.mcu.externaltools.gnu-tools-for-stm32.13.3.rel1.win32_1.0.0.202411081344/tools/bin/../lib/gcc/arm-none-eabi/13.3.1/../../../../arm-none-eabi/lib/thumb/v7e-m+fp/hard\libc_nano.a(libc_a-nano-svfprintf.o)
                0x08009dd4                __ssputs_r
 *fill*         0x08009e8a        0x2 
 .text._svfprintf_r
                0x08009e8c      0x1f8 C:/ST/STM32CubeIDE_1.19.0/STM32CubeIDE/plugins/com.st.stm32cube.ide.mcu.externaltools.gnu-tools-for-stm32.13.3.rel1.win32_1.0.0.202411081344/tools/bin/../lib/gcc/arm-none-eabi/13.3.1/../../../../arm-none-eabi/lib/thumb/v7e-m+fp/hard\libc_nano.a(libc_a-nano-svfprintf.o)
                0x08009e8c                _svfiprintf_r
                0x08009e8c                _svfprintf_r
 .text.__sfputc_r
                0x0800a084       0x2e C:/ST/STM32CubeIDE_1.19.0/STM32CubeIDE/plugins/com.st.stm32cube.ide.mcu.externaltools.gnu-tools-for-stm32.13.3.rel1.win32_1.0.0.202411081344/tools/bin/../lib/gcc/arm-none-eabi/13.3.1/../../../../arm-none-eabi/lib/thumb/v7e-m+fp/hard\libc_nano.a(libc_a-nano-vfprintf.o)
 .text.__sfputs_r
                0x0800a0b2       0x24 C:/ST/STM32CubeIDE_1.19.0/STM32CubeIDE/plugins/com.st.stm32cube.ide.mcu.externaltools.gnu-tools-for-stm32.13.3.rel1.win32_1.0.0.202411081344/tools/bin/../lib/gcc/arm-none-eabi/13.3.1/../../../../arm-none-eabi/lib/thumb/v7e-m+fp/hard\libc_nano.a(libc_a-nano-vfprintf.o)
                0x0800a0b2                __sfputs_r
 *fill*         0x0800a0d6        0x2 
 .text._vfprintf_r
                0x0800a0d8      0x230 C:/ST/STM32CubeIDE_1.19.0/STM32CubeIDE/plugins/com.st.stm32cube.ide.mcu.externaltools.gnu-tools-for-stm32.13.3.rel1.win32_1.0.0.202411081344/tools/bin/../lib/gcc/arm-none-eabi/13.3.1/../../../../arm-none-eabi/lib/thumb/v7e-m+fp/hard\libc_nano.a(libc_a-nano-vfprintf.o)
                0x0800a0d8                _vfprintf_r
                0x0800a0d8                _vfiprintf_r
 .text._printf_common
                0x0800a308       0xda C:/ST/STM32CubeIDE_1.19.0/STM32CubeIDE/plugins/com.st.stm32cube.ide.mcu.externaltools.gnu-tools-for-stm32.13.3.rel1.win32_1.0.0.202411081344/tools/bin/../lib/gcc/arm-none-eabi/13.3.1/../../../../arm-none-eabi/lib/thumb/v7e-m+fp/hard\libc_nano.a(libc_a-nano-vfprintf_i.o)
                0x0800a308                _printf_common
 *fill*         0x0800a3e2        0x2 
 .text._printf_i
                0x0800a3e4      0x23c C:/ST/STM32CubeIDE_1.19.0/STM32CubeIDE/plugins/com.st.stm32cube.ide.mcu.externaltools.gnu-tools-for-stm32.13.3.rel1.win32_1.0.0.202411081344/tools/bin/../lib/gcc/arm-none-eabi/13.3.1/../../../../arm-none-eabi/lib/thumb/v7e-m+fp/hard\libc_nano.a(libc_a-nano-vfprintf_i.o)
                0x0800a3e4                _printf_i
 .text.__sflush_r
                0x0800a620      0x108 C:/ST/STM32CubeIDE_1.19.0/STM32CubeIDE/plugins/com.st.stm32cube.ide.mcu.externaltools.gnu-tools-for-stm32.13.3.rel1.win32_1.0.0.202411081344/tools/bin/../lib/gcc/arm-none-eabi/13.3.1/../../../../arm-none-eabi/lib/thumb/v7e-m+fp/hard\libc_nano.a(libc_a-fflush.o)
                0x0800a620                __sflush_r
 .text._fflush_r
                0x0800a728       0x50 C:/ST/STM32CubeIDE_1.19.0/STM32CubeIDE/plugins/com.st.stm32cube.ide.mcu.externaltools.gnu-tools-for-stm32.13.3.rel1.win32_1.0.0.202411081344/tools/bin/../lib/gcc/arm-none-eabi/13.3.1/../../../../arm-none-eabi/lib/thumb/v7e-m+fp/hard\libc_nano.a(libc_a-fflush.o)
                0x0800a728                _fflush_r
 .text.__swhatbuf_r
                0x0800a778       0x4c C:/ST/STM32CubeIDE_1.19.0/STM32CubeIDE/plugins/com.st.stm32cube.ide.mcu.externaltools.gnu-tools-for-stm32.13.3.rel1.win32_1.0.0.202411081344/tools/bin/../lib/gcc/arm-none-eabi/13.3.1/../../../../arm-none-eabi/lib/thumb/v7e-m+fp/hard\libc_nano.a(libc_a-makebuf.o)
                0x0800a778                __swhatbuf_r
 .text.__smakebuf_r
                0x0800a7c4       0x78 C:/ST/STM32CubeIDE_1.19.0/STM32CubeIDE/plugins/com.st.stm32cube.ide.mcu.externaltools.gnu-tools-for-stm32.13.3.rel1.win32_1.0.0.202411081344/tools/bin/../lib/gcc/arm-none-eabi/13.3.1/../../../../arm-none-eabi/lib/thumb/v7e-m+fp/hard\libc_nano.a(libc_a-makebuf.o)
                0x0800a7c4                __smakebuf_r
 .text.memmove  0x0800a83c       0x34 C:/ST/STM32CubeIDE_1.19.0/STM32CubeIDE/plugins/com.st.stm32cube.ide.mcu.externaltools.gnu-tools-for-stm32.13.3.rel1.win32_1.0.0.202411081344/tools/bin/../lib/gcc/arm-none-eabi/13.3.1/../../../../arm-none-eabi/lib/thumb/v7e-m+fp/hard\libc_nano.a(libc_a-memmove.o)
                0x0800a83c                memmove
 .text._fstat_r
                0x0800a870       0x24 C:/ST/STM32CubeIDE_1.19.0/STM32CubeIDE/plugins/com.st.stm32cube.ide.mcu.externaltools.gnu-tools-for-stm32.13.3.rel1.win32_1.0.0.202411081344/tools/bin/../lib/gcc/arm-none-eabi/13.3.1/../../../../arm-none-eabi/lib/thumb/v7e-m+fp/hard\libc_nano.a(libc_a-fstatr.o)
                0x0800a870                _fstat_r
 .text._isatty_r
                0x0800a894       0x20 C:/ST/STM32CubeIDE_1.19.0/STM32CubeIDE/plugins/com.st.stm32cube.ide.mcu.externaltools.gnu-tools-for-stm32.13.3.rel1.win32_1.0.0.202411081344/tools/bin/../lib/gcc/arm-none-eabi/13.3.1/../../../../arm-none-eabi/lib/thumb/v7e-m+fp/hard\libc_nano.a(libc_a-isattyr.o)
                0x0800a894                _isatty_r
 .text._sbrk_r  0x0800a8b4       0x20 C:/ST/STM32CubeIDE_1.19.0/STM32CubeIDE/plugins/com.st.stm32cube.ide.mcu.externaltools.gnu-tools-for-stm32.13.3.rel1.win32_1.0.0.202411081344/tools/bin/../lib/gcc/arm-none-eabi/13.3.1/../../../../arm-none-eabi/lib/thumb/v7e-m+fp/hard\libc_nano.a(libc_a-sbrkr.o)
                0x0800a8b4                _sbrk_r
 .text._realloc_r
                0x0800a8d4       0x5c C:/ST/STM32CubeIDE_1.19.0/STM32CubeIDE/plugins/com.st.stm32cube.ide.mcu.externaltools.gnu-tools-for-stm32.13.3.rel1.win32_1.0.0.202411081344/tools/bin/../lib/gcc/arm-none-eabi/13.3.1/../../../../arm-none-eabi/lib/thumb/v7e-m+fp/hard\libc_nano.a(libc_a-reallocr.o)
                0x0800a8d4                _realloc_r
 .text._malloc_usable_size_r
                0x0800a930       0x10 C:/ST/STM32CubeIDE_1.19.0/STM32CubeIDE/plugins/com.st.stm32cube.ide.mcu.externaltools.gnu-tools-for-stm32.13.3.rel1.win32_1.0.0.202411081344/tools/bin/../lib/gcc/arm-none-eabi/13.3.1/../../../../arm-none-eabi/lib/thumb/v7e-m+fp/hard\libc_nano.a(libc_a-msizer.o)
                0x0800a930                _malloc_usable_size_r
 .text.ceil     0x0800a940       0xf8 C:/ST/STM32CubeIDE_1.19.0/STM32CubeIDE/plugins/com.st.stm32cube.ide.mcu.externaltools.gnu-tools-for-stm32.13.3.rel1.win32_1.0.0.202411081344/tools/bin/../lib/gcc/arm-none-eabi/13.3.1/../../../../arm-none-eabi/lib/thumb/v7e-m+fp/hard\libm.a(libm_a-s_ceil.o)
                0x0800a940                ceil
 .text.floor    0x0800aa38       0xf8 C:/ST/STM32CubeIDE_1.19.0/STM32CubeIDE/plugins/com.st.stm32cube.ide.mcu.externaltools.gnu-tools-for-stm32.13.3.rel1.win32_1.0.0.202411081344/tools/bin/../lib/gcc/arm-none-eabi/13.3.1/../../../../arm-none-eabi/lib/thumb/v7e-m+fp/hard\libm.a(libm_a-s_floor.o)
                0x0800aa38                floor
 .text.round    0x0800ab30       0x8c C:/ST/STM32CubeIDE_1.19.0/STM32CubeIDE/plugins/com.st.stm32cube.ide.mcu.externaltools.gnu-tools-for-stm32.13.3.rel1.win32_1.0.0.202411081344/tools/bin/../lib/gcc/arm-none-eabi/13.3.1/../../../../arm-none-eabi/lib/thumb/v7e-m+fp/hard\libm.a(libm_a-s_round.o)
                0x0800ab30                round
 *(.glue_7)
 .glue_7        0x0800abbc        0x0 linker stubs
 *(.glue_7t)
 .glue_7t       0x0800abbc        0x0 linker stubs
 *(.eh_frame)
 .eh_frame      0x0800abbc        0x0 C:/ST/STM32CubeIDE_1.19.0/STM32CubeIDE/plugins/com.st.stm32cube.ide.mcu.externaltools.gnu-tools-for-stm32.13.3.rel1.win32_1.0.0.202411081344/tools/bin/../lib/gcc/arm-none-eabi/13.3.1/thumb/v7e-m+fp/hard/crtbegin.o
 *(.init)
 .init          0x0800abbc        0x4 C:/ST/STM32CubeIDE_1.19.0/STM32CubeIDE/plugins/com.st.stm32cube.ide.mcu.externaltools.gnu-tools-for-stm32.13.3.rel1.win32_1.0.0.202411081344/tools/bin/../lib/gcc/arm-none-eabi/13.3.1/thumb/v7e-m+fp/hard/crti.o
                0x0800abbc                _init
 .init          0x0800abc0        0x8 C:/ST/STM32CubeIDE_1.19.0/STM32CubeIDE/plugins/com.st.stm32cube.ide.mcu.externaltools.gnu-tools-for-stm32.13.3.rel1.win32_1.0.0.202411081344/tools/bin/../lib/gcc/arm-none-eabi/13.3.1/thumb/v7e-m+fp/hard/crtn.o
 *(.fini)
 .fini          0x0800abc8        0x4 C:/ST/STM32CubeIDE_1.19.0/STM32CubeIDE/plugins/com.st.stm32cube.ide.mcu.externaltools.gnu-tools-for-stm32.13.3.rel1.win32_1.0.0.202411081344/tools/bin/../lib/gcc/arm-none-eabi/13.3.1/thumb/v7e-m+fp/hard/crti.o
                0x0800abc8                _fini
 .fini          0x0800abcc        0x8 C:/ST/STM32CubeIDE_1.19.0/STM32CubeIDE/plugins/com.st.stm32cube.ide.mcu.externaltools.gnu-tools-for-stm32.13.3.rel1.win32_1.0.0.202411081344/tools/bin/../lib/gcc/arm-none-eabi/13.3.1/thumb/v7e-m+fp/hard/crtn.o
                0x0800abd4                        . = ALIGN (0x4)
                0x0800abd4                        _etext = .

.vfp11_veneer   0x0800abd4        0x0
 .vfp11_veneer  0x0800abd4        0x0 linker stubs

.v4_bx          0x0800abd4        0x0
 .v4_bx         0x0800abd4        0x0 linker stubs

.iplt           0x0800abd4        0x0
 .iplt          0x0800abd4        0x0 C:/ST/STM32CubeIDE_1.19.0/STM32CubeIDE/plugins/com.st.stm32cube.ide.mcu.externaltools.gnu-tools-for-stm32.13.3.rel1.win32_1.0.0.202411081344/tools/bin/../lib/gcc/arm-none-eabi/13.3.1/thumb/v7e-m+fp/hard/crtbegin.o

.rodata         0x0800abd4      0x4d4
                0x0800abd4                        . = ALIGN (0x4)
 *(.rodata)
 .rodata        0x0800abd4      0x101 ./Core/Src/lora_app.o
 *fill*         0x0800acd5        0x3 
 .rodata        0x0800acd8      0x232 ./Core/Src/main.o
 *(.rodata*)
 *fill*         0x0800af0a        0x2 
 .rodata.RadioRegsInit
                0x0800af0c       0x33 ./Core/Inc/sx1272/sx1272.o
                0x0800af0c                RadioRegsInit
 *fill*         0x0800af3f        0x1 
 .rodata.FskBandwidths
                0x0800af40       0xb0 ./Core/Inc/sx1272/sx1272.o
                0x0800af40                FskBandwidths
 .rodata.Radio  0x0800aff0       0x6c ./Core/Inc/sx1272/sx1272mb2das-board.o
                0x0800aff0                Radio
 .rodata.AHBPrescTable
                0x0800b05c       0x10 ./Core/Src/system_stm32f4xx.o
                0x0800b05c                AHBPrescTable
 .rodata.APBPrescTable
                0x0800b06c        0x8 ./Core/Src/system_stm32f4xx.o
                0x0800b06c                APBPrescTable
 .rodata._svfprintf_r.str1.1
                0x0800b074       0x33 C:/ST/STM32CubeIDE_1.19.0/STM32CubeIDE/plugins/com.st.stm32cube.ide.mcu.externaltools.gnu-tools-for-stm32.13.3.rel1.win32_1.0.0.202411081344/tools/bin/../lib/gcc/arm-none-eabi/13.3.1/../../../../arm-none-eabi/lib/thumb/v7e-m+fp/hard\libc_nano.a(libc_a-nano-svfprintf.o)
                                 0x11 (size before relaxing)
 .rodata._vfprintf_r.str1.1
                0x0800b0a7       0x11 C:/ST/STM32CubeIDE_1.19.0/STM32CubeIDE/plugins/com.st.stm32cube.ide.mcu.externaltools.gnu-tools-for-stm32.13.3.rel1.win32_1.0.0.202411081344/tools/bin/../lib/gcc/arm-none-eabi/13.3.1/../../../../arm-none-eabi/lib/thumb/v7e-m+fp/hard\libc_nano.a(libc_a-nano-vfprintf.o)
 .rodata._printf_i.str1.1
                0x0800b0a7       0x22 C:/ST/STM32CubeIDE_1.19.0/STM32CubeIDE/plugins/com.st.stm32cube.ide.mcu.externaltools.gnu-tools-for-stm32.13.3.rel1.win32_1.0.0.202411081344/tools/bin/../lib/gcc/arm-none-eabi/13.3.1/../../../../arm-none-eabi/lib/thumb/v7e-m+fp/hard\libc_nano.a(libc_a-nano-vfprintf_i.o)
                0x0800b0cc                        . = ALIGN (0x4)
 *fill*         0x0800b0a7        0x1 

.ARM.extab      0x0800b0a8        0x0
                0x0800b0a8                        . = ALIGN (0x4)
 *(.ARM.extab* .gnu.linkonce.armextab.*)
                0x0800b0a8                        . = ALIGN (0x4)

.ARM            0x0800b0a8        0x8
                0x0800b0a8                        . = ALIGN (0x4)
                0x0800b0a8                        __exidx_start = .
 *(.ARM.exidx*)
 .ARM.exidx     0x0800b0a8        0x8 C:/ST/STM32CubeIDE_1.19.0/STM32CubeIDE/plugins/com.st.stm32cube.ide.mcu.externaltools.gnu-tools-for-stm32.13.3.rel1.win32_1.0.0.202411081344/tools/bin/../lib/gcc/arm-none-eabi/13.3.1/../../../../arm-none-eabi/lib/thumb/v7e-m+fp/hard\libc_nano.a(libc_a-memchr.o)
 .ARM.exidx     0x0800b0b0        0x0 C:/ST/STM32CubeIDE_1.19.0/STM32CubeIDE/plugins/com.st.stm32cube.ide.mcu.externaltools.gnu-tools-for-stm32.13.3.rel1.win32_1.0.0.202411081344/tools/bin/../lib/gcc/arm-none-eabi/13.3.1/thumb/v7e-m+fp/hard\libgcc.a(_udivmoddi4.o)
                                  0x8 (size before relaxing)
                0x0800b0b0                        __exidx_end = .
                0x0800b0b0                        . = ALIGN (0x4)

.preinit_array  0x0800b0b0        0x0
                0x0800b0b0                        . = ALIGN (0x4)
                0x0800b0b0                        PROVIDE (__preinit_array_start = .)
 *(.preinit_array*)
                0x0800b0b0                        PROVIDE (__preinit_array_end = .)
                0x0800b0b0                        . = ALIGN (0x4)

.init_array     0x0800b0b0        0x4
                0x0800b0b0                        . = ALIGN (0x4)
                0x0800b0b0                        PROVIDE (__init_array_start = .)
 *(SORT_BY_NAME(.init_array.*))
 *(.init_array*)
 .init_array    0x0800b0b0        0x4 C:/ST/STM32CubeIDE_1.19.0/STM32CubeIDE/plugins/com.st.stm32cube.ide.mcu.externaltools.gnu-tools-for-stm32.13.3.rel1.win32_1.0.0.202411081344/tools/bin/../lib/gcc/arm-none-eabi/13.3.1/thumb/v7e-m+fp/hard/crtbegin.o
                0x0800b0b4                        PROVIDE (__init_array_end = .)
                0x0800b0b4                        . = ALIGN (0x4)

.fini_array     0x0800b0b4        0x4
                0x0800b0b4                        . = ALIGN (0x4)
                [!provide]                        PROVIDE (__fini_array_start = .)
 *(SORT_BY_NAME(.fini_array.*))
 *(.fini_array*)
 .fini_array    0x0800b0b4        0x4 C:/ST/STM32CubeIDE_1.19.0/STM32CubeIDE/plugins/com.st.stm32cube.ide.mcu.externaltools.gnu-tools-for-stm32.13.3.rel1.win32_1.0.0.202411081344/tools/bin/../lib/gcc/arm-none-eabi/13.3.1/thumb/v7e-m+fp/hard/crtbegin.o
                [!provide]                        PROVIDE (__fini_array_end = .)
                0x0800b0b8                        . = ALIGN (0x4)
                0x0800b0b8                        _sidata = LOADADDR (.data)

.rel.dyn        0x0800b0b8        0x0
 .rel.iplt      0x0800b0b8        0x0 C:/ST/STM32CubeIDE_1.19.0/STM32CubeIDE/plugins/com.st.stm32cube.ide.mcu.externaltools.gnu-tools-for-stm32.13.3.rel1.win32_1.0.0.202411081344/tools/bin/../lib/gcc/arm-none-eabi/13.3.1/thumb/v7e-m+fp/hard/crtbegin.o

.data           0x20000000       0x74 load address 0x0800b0b8
                0x20000000                        . = ALIGN (0x4)
                0x20000000                        _sdata = .
 *(.data)
 *(.data*)
 .data.DIO0_IrqHandler
                0x20000000        0x4 ./Core/Inc/sx1272/sx1272.o
                0x20000000                DIO0_IrqHandler
 .data.DIO1_IrqHandler
                0x20000004        0x4 ./Core/Inc/sx1272/sx1272.o
                0x20000004                DIO1_IrqHandler
 .data.win_dir  0x20000008        0x4 ./Core/Src/main.o
                0x20000008                win_dir
 .data.SystemCoreClock
                0x2000000c        0x4 ./Core/Src/system_stm32f4xx.o
                0x2000000c                SystemCoreClock
 .data.uwTickPrio
                0x20000010        0x4 ./Drivers/STM32F4xx_HAL_Driver/Src/stm32f4xx_hal.o
                0x20000010                uwTickPrio
 .data.uwTickFreq
                0x20000014        0x1 ./Drivers/STM32F4xx_HAL_Driver/Src/stm32f4xx_hal.o
                0x20000014                uwTickFreq
 *fill*         0x20000015        0x3 
 .data.__sglue  0x20000018        0xc C:/ST/STM32CubeIDE_1.19.0/STM32CubeIDE/plugins/com.st.stm32cube.ide.mcu.externaltools.gnu-tools-for-stm32.13.3.rel1.win32_1.0.0.202411081344/tools/bin/../lib/gcc/arm-none-eabi/13.3.1/../../../../arm-none-eabi/lib/thumb/v7e-m+fp/hard\libc_nano.a(libc_a-findfp.o)
                0x20000018                __sglue
 .data._impure_ptr
                0x20000024        0x4 C:/ST/STM32CubeIDE_1.19.0/STM32CubeIDE/plugins/com.st.stm32cube.ide.mcu.externaltools.gnu-tools-for-stm32.13.3.rel1.win32_1.0.0.202411081344/tools/bin/../lib/gcc/arm-none-eabi/13.3.1/../../../../arm-none-eabi/lib/thumb/v7e-m+fp/hard\libc_nano.a(libc_a-impure.o)
                0x20000024                _impure_ptr
 .data._impure_data
                0x20000028       0x4c C:/ST/STM32CubeIDE_1.19.0/STM32CubeIDE/plugins/com.st.stm32cube.ide.mcu.externaltools.gnu-tools-for-stm32.13.3.rel1.win32_1.0.0.202411081344/tools/bin/../lib/gcc/arm-none-eabi/13.3.1/../../../../arm-none-eabi/lib/thumb/v7e-m+fp/hard\libc_nano.a(libc_a-impure.o)
                0x20000028                _impure_data
 *(.RamFunc)
 *(.RamFunc*)
                0x20000074                        . = ALIGN (0x4)
                0x20000074                        _edata = .

.igot.plt       0x20000074        0x0 load address 0x0800b12c
 .igot.plt      0x20000074        0x0 C:/ST/STM32CubeIDE_1.19.0/STM32CubeIDE/plugins/com.st.stm32cube.ide.mcu.externaltools.gnu-tools-for-stm32.13.3.rel1.win32_1.0.0.202411081344/tools/bin/../lib/gcc/arm-none-eabi/13.3.1/thumb/v7e-m+fp/hard/crtbegin.o
                0x20000074                        . = ALIGN (0x4)

.bss            0x20000074      0x5e8 load address 0x0800b12c
                0x20000074                        _sbss = .
                0x20000074                        __bss_start__ = _sbss
 *(.bss)
 .bss           0x20000074       0x1c C:/ST/STM32CubeIDE_1.19.0/STM32CubeIDE/plugins/com.st.stm32cube.ide.mcu.externaltools.gnu-tools-for-stm32.13.3.rel1.win32_1.0.0.202411081344/tools/bin/../lib/gcc/arm-none-eabi/13.3.1/thumb/v7e-m+fp/hard/crtbegin.o
 *(.bss*)
 .bss.RadioEvents
                0x20000090        0x4 ./Core/Inc/sx1272/sx1272.o
 .bss.RxTxBuffer
                0x20000094      0x100 ./Core/Inc/sx1272/sx1272.o
 .bss.SX1272    0x20000194       0x64 ./Core/Inc/sx1272/sx1272.o
                0x20000194                SX1272
 .bss.DIO0_Context
                0x200001f8        0x4 ./Core/Inc/sx1272/sx1272.o
                0x200001f8                DIO0_Context
 .bss.DIO1_Context
                0x200001fc        0x4 ./Core/Inc/sx1272/sx1272.o
                0x200001fc                DIO1_Context
 .bss.TxTimeoutTimer
                0x20000200       0x14 ./Core/Inc/sx1272/sx1272.o
                0x20000200                TxTimeoutTimer
 .bss.RxTimeoutTimer
                0x20000214       0x14 ./Core/Inc/sx1272/sx1272.o
                0x20000214                RxTimeoutTimer
 .bss.RxTimeoutSyncWord
                0x20000228       0x14 ./Core/Inc/sx1272/sx1272.o
                0x20000228                RxTimeoutSyncWord
 .bss.RadioIsActive
                0x2000023c        0x1 ./Core/Inc/sx1272/sx1272mb2das-board.o
 *fill*         0x2000023d        0x3 
 .bss.TimerListHead
                0x20000240        0x4 ./Core/Inc/sx1272/timer.o
 .bss.TimerTickCounter
                0x20000244        0x4 ./Core/Inc/sx1272/timer.o
 .bss.Buffer    0x20000248       0x40 ./Core/Src/lora_app.o
 .bss.RadioEvents
                0x20000288       0x1c ./Core/Src/lora_app.o
 .bss.State     0x200002a4        0x1 ./Core/Src/lora_app.o
 *fill*         0x200002a5        0x3 
 .bss.hadc1     0x200002a8       0x48 ./Core/Src/main.o
                0x200002a8                hadc1
 .bss.hrtc      0x200002f0       0x20 ./Core/Src/main.o
                0x200002f0                hrtc
 .bss.hspi1     0x20000310       0x58 ./Core/Src/main.o
                0x20000310                hspi1
 .bss.htim2     0x20000368       0x48 ./Core/Src/main.o
                0x20000368                htim2
 .bss.htim3     0x200003b0       0x48 ./Core/Src/main.o
                0x200003b0                htim3
 .bss.htim4     0x200003f8       0x48 ./Core/Src/main.o
                0x200003f8                htim4
 .bss.htim6     0x20000440       0x48 ./Core/Src/main.o
                0x20000440                htim6
 .bss.huart2    0x20000488       0x48 ./Core/Src/main.o
                0x20000488                huart2
 .bss.auto_mode
                0x200004d0        0x4 ./Core/Src/main.o
                0x200004d0                auto_mode
 .bss.win_moving
                0x200004d4        0x4 ./Core/Src/main.o
                0x200004d4                win_moving
 .bss.blind_moving
                0x200004d8        0x4 ./Core/Src/main.o
                0x200004d8                blind_moving
 .bss.blind_dir
                0x200004dc        0x4 ./Core/Src/main.o
                0x200004dc                blind_dir
 .bss.ir_state  0x200004e0        0x1 ./Core/Src/main.o
 *fill*         0x200004e1        0x3 
 .bss.last_capture
                0x200004e4        0x4 ./Core/Src/main.o
 .bss.ir_bit_count
                0x200004e8        0x1 ./Core/Src/main.o
 *fill*         0x200004e9        0x3 
 .bss.ir_data_raw
                0x200004ec        0x4 ./Core/Src/main.o
 .bss.ir_command
                0x200004f0        0x1 ./Core/Src/main.o
                0x200004f0                ir_command
 *fill*         0x200004f1        0x3 
 .bss.ir_full_data
                0x200004f4        0x4 ./Core/Src/main.o
                0x200004f4                ir_full_data
 .bss.Val_Temp  0x200004f8        0x4 ./Core/Src/main.o
                0x200004f8                Val_Temp
 .bss.Val_Humi  0x200004fc        0x4 ./Core/Src/main.o
                0x200004fc                Val_Humi
 .bss.Val_Dust  0x20000500        0x4 ./Core/Src/main.o
                0x20000500                Val_Dust
 .bss.light_value
                0x20000504        0x4 ./Core/Src/main.o
                0x20000504                light_value
 .bss.__sbrk_heap_end
                0x20000508        0x4 ./Core/Src/sysmem.o
 .bss.uwTick    0x2000050c        0x4 ./Drivers/STM32F4xx_HAL_Driver/Src/stm32f4xx_hal.o
                0x2000050c                uwTick
 .bss.__sf      0x20000510      0x138 C:/ST/STM32CubeIDE_1.19.0/STM32CubeIDE/plugins/com.st.stm32cube.ide.mcu.externaltools.gnu-tools-for-stm32.13.3.rel1.win32_1.0.0.202411081344/tools/bin/../lib/gcc/arm-none-eabi/13.3.1/../../../../arm-none-eabi/lib/thumb/v7e-m+fp/hard\libc_nano.a(libc_a-findfp.o)
                0x20000510                __sf
 .bss.__stdio_exit_handler
                0x20000648        0x4 C:/ST/STM32CubeIDE_1.19.0/STM32CubeIDE/plugins/com.st.stm32cube.ide.mcu.externaltools.gnu-tools-for-stm32.13.3.rel1.win32_1.0.0.202411081344/tools/bin/../lib/gcc/arm-none-eabi/13.3.1/../../../../arm-none-eabi/lib/thumb/v7e-m+fp/hard\libc_nano.a(libc_a-findfp.o)
                0x20000648                __stdio_exit_handler
 .bss.errno     0x2000064c        0x4 C:/ST/STM32CubeIDE_1.19.0/STM32CubeIDE/plugins/com.st.stm32cube.ide.mcu.externaltools.gnu-tools-for-stm32.13.3.rel1.win32_1.0.0.202411081344/tools/bin/../lib/gcc/arm-none-eabi/13.3.1/../../../../arm-none-eabi/lib/thumb/v7e-m+fp/hard\libc_nano.a(libc_a-reent.o)
                0x2000064c                errno
 .bss.__lock___malloc_recursive_mutex
                0x20000650        0x1 C:/ST/STM32CubeIDE_1.19.0/STM32CubeIDE/plugins/com.st.stm32cube.ide.mcu.externaltools.gnu-tools-for-stm32.13.3.rel1.win32_1.0.0.202411081344/tools/bin/../lib/gcc/arm-none-eabi/13.3.1/../../../../arm-none-eabi/lib/thumb/v7e-m+fp/hard\libc_nano.a(libc_a-lock.o)
                0x20000650                __lock___malloc_recursive_mutex
 .bss.__lock___sfp_recursive_mutex
                0x20000651        0x1 C:/ST/STM32CubeIDE_1.19.0/STM32CubeIDE/plugins/com.st.stm32cube.ide.mcu.externaltools.gnu-tools-for-stm32.13.3.rel1.win32_1.0.0.202411081344/tools/bin/../lib/gcc/arm-none-eabi/13.3.1/../../../../arm-none-eabi/lib/thumb/v7e-m+fp/hard\libc_nano.a(libc_a-lock.o)
                0x20000651                __lock___sfp_recursive_mutex
 *fill*         0x20000652        0x2 
 .bss.__malloc_sbrk_start
                0x20000654        0x4 C:/ST/STM32CubeIDE_1.19.0/STM32CubeIDE/plugins/com.st.stm32cube.ide.mcu.externaltools.gnu-tools-for-stm32.13.3.rel1.win32_1.0.0.202411081344/tools/bin/../lib/gcc/arm-none-eabi/13.3.1/../../../../arm-none-eabi/lib/thumb/v7e-m+fp/hard\libc_nano.a(libc_a-mallocr.o)
                0x20000654                __malloc_sbrk_start
 .bss.__malloc_free_list
                0x20000658        0x4 C:/ST/STM32CubeIDE_1.19.0/STM32CubeIDE/plugins/com.st.stm32cube.ide.mcu.externaltools.gnu-tools-for-stm32.13.3.rel1.win32_1.0.0.202411081344/tools/bin/../lib/gcc/arm-none-eabi/13.3.1/../../../../arm-none-eabi/lib/thumb/v7e-m+fp/hard\libc_nano.a(libc_a-mallocr.o)
                0x20000658                __malloc_free_list
 *(COMMON)
                0x2000065c                        . = ALIGN (0x4)
                0x2000065c                        _ebss = .
                0x2000065c                        __bss_end__ = _ebss

._user_heap_stack
                0x2000065c      0x604 load address 0x0800b12c
                0x20000660                        . = ALIGN (0x8)
 *fill*         0x2000065c        0x4 
                [!provide]                        PROVIDE (end = .)
                0x20000660                        PROVIDE (_end = .)
                0x20000860                        . = (. + _Min_Heap_Size)
 *fill*         0x20000660      0x200 
                0x20000c60                        . = (. + _Min_Stack_Size)
 *fill*         0x20000860      0x400 
                0x20000c60                        . = ALIGN (0x8)

/DISCARD/
 libc.a(*)
 libm.a(*)
 libgcc.a(*)

.ARM.attributes
                0x00000000       0x30
 *(.ARM.attributes)
 .ARM.attributes
                0x00000000       0x22 C:/ST/STM32CubeIDE_1.19.0/STM32CubeIDE/plugins/com.st.stm32cube.ide.mcu.externaltools.gnu-tools-for-stm32.13.3.rel1.win32_1.0.0.202411081344/tools/bin/../lib/gcc/arm-none-eabi/13.3.1/thumb/v7e-m+fp/hard/crti.o
 .ARM.attributes
                0x00000022       0x34 C:/ST/STM32CubeIDE_1.19.0/STM32CubeIDE/plugins/com.st.stm32cube.ide.mcu.externaltools.gnu-tools-for-stm32.13.3.rel1.win32_1.0.0.202411081344/tools/bin/../lib/gcc/arm-none-eabi/13.3.1/thumb/v7e-m+fp/hard/crtbegin.o
 .ARM.attributes
                0x00000056       0x34 ./Core/Inc/sx1272/sx1272.o
 .ARM.attributes
                0x0000008a       0x34 ./Core/Inc/sx1272/sx1272mb2das-board.o
 .ARM.attributes
                0x000000be       0x34 ./Core/Inc/sx1272/timer.o
 .ARM.attributes
                0x000000f2       0x34 ./Core/Inc/sx1272/utilities.o
 .ARM.attributes
                0x00000126       0x34 ./Core/Src/lora_app.o
 .ARM.attributes
                0x0000015a       0x34 ./Core/Src/main.o
 .ARM.attributes
                0x0000018e       0x34 ./Core/Src/stm32f4xx_hal_msp.o
 .ARM.attributes
                0x000001c2       0x34 ./Core/Src/stm32f4xx_it.o
 .ARM.attributes
                0x000001f6       0x34 ./Core/Src/syscalls.o
 .ARM.attributes
                0x0000022a       0x34 ./Core/Src/sysmem.o
 .ARM.attributes
                0x0000025e       0x34 ./Core/Src/system_stm32f4xx.o
 .ARM.attributes
                0x00000292       0x21 ./Core/Startup/startup_stm32f446retx.o
 .ARM.attributes
                0x000002b3       0x34 ./Drivers/STM32F4xx_HAL_Driver/Src/stm32f4xx_hal.o
 .ARM.attributes
                0x000002e7       0x34 ./Drivers/STM32F4xx_HAL_Driver/Src/stm32f4xx_hal_adc.o
 .ARM.attributes
                0x0000031b       0x34 ./Drivers/STM32F4xx_HAL_Driver/Src/stm32f4xx_hal_cortex.o
 .ARM.attributes
                0x0000034f       0x34 ./Drivers/STM32F4xx_HAL_Driver/Src/stm32f4xx_hal_gpio.o
 .ARM.attributes
                0x00000383       0x34 ./Drivers/STM32F4xx_HAL_Driver/Src/stm32f4xx_hal_rcc.o
 .ARM.attributes
                0x000003b7       0x34 ./Drivers/STM32F4xx_HAL_Driver/Src/stm32f4xx_hal_rcc_ex.o
 .ARM.attributes
                0x000003eb       0x34 ./Drivers/STM32F4xx_HAL_Driver/Src/stm32f4xx_hal_rtc.o
 .ARM.attributes
                0x0000041f       0x34 ./Drivers/STM32F4xx_HAL_Driver/Src/stm32f4xx_hal_rtc_ex.o
 .ARM.attributes
                0x00000453       0x34 ./Drivers/STM32F4xx_HAL_Driver/Src/stm32f4xx_hal_spi.o
 .ARM.attributes
                0x00000487       0x34 ./Drivers/STM32F4xx_HAL_Driver/Src/stm32f4xx_hal_tim.o
 .ARM.attributes
                0x000004bb       0x34 ./Drivers/STM32F4xx_HAL_Driver/Src/stm32f4xx_hal_tim_ex.o
 .ARM.attributes
                0x000004ef       0x34 ./Drivers/STM32F4xx_HAL_Driver/Src/stm32f4xx_hal_uart.o
 .ARM.attributes
                0x00000523       0x34 C:/ST/STM32CubeIDE_1.19.0/STM32CubeIDE/plugins/com.st.stm32cube.ide.mcu.externaltools.gnu-tools-for-stm32.13.3.rel1.win32_1.0.0.202411081344/tools/bin/../lib/gcc/arm-none-eabi/13.3.1/../../../../arm-none-eabi/lib/thumb/v7e-m+fp/hard\libc_nano.a(libc_a-findfp.o)
 .ARM.attributes
                0x00000557       0x34 C:/ST/STM32CubeIDE_1.19.0/STM32CubeIDE/plugins/com.st.stm32cube.ide.mcu.externaltools.gnu-tools-for-stm32.13.3.rel1.win32_1.0.0.202411081344/tools/bin/../lib/gcc/arm-none-eabi/13.3.1/../../../../arm-none-eabi/lib/thumb/v7e-m+fp/hard\libc_nano.a(libc_a-fwalk.o)
 .ARM.attributes
                0x0000058b       0x34 C:/ST/STM32CubeIDE_1.19.0/STM32CubeIDE/plugins/com.st.stm32cube.ide.mcu.externaltools.gnu-tools-for-stm32.13.3.rel1.win32_1.0.0.202411081344/tools/bin/../lib/gcc/arm-none-eabi/13.3.1/../../../../arm-none-eabi/lib/thumb/v7e-m+fp/hard\libc_nano.a(libc_a-printf.o)
 .ARM.attributes
                0x000005bf       0x34 C:/ST/STM32CubeIDE_1.19.0/STM32CubeIDE/plugins/com.st.stm32cube.ide.mcu.externaltools.gnu-tools-for-stm32.13.3.rel1.win32_1.0.0.202411081344/tools/bin/../lib/gcc/arm-none-eabi/13.3.1/../../../../arm-none-eabi/lib/thumb/v7e-m+fp/hard\libc_nano.a(libc_a-puts.o)
 .ARM.attributes
                0x000005f3       0x34 C:/ST/STM32CubeIDE_1.19.0/STM32CubeIDE/plugins/com.st.stm32cube.ide.mcu.externaltools.gnu-tools-for-stm32.13.3.rel1.win32_1.0.0.202411081344/tools/bin/../lib/gcc/arm-none-eabi/13.3.1/../../../../arm-none-eabi/lib/thumb/v7e-m+fp/hard\libc_nano.a(libc_a-sprintf.o)
 .ARM.attributes
                0x00000627       0x34 C:/ST/STM32CubeIDE_1.19.0/STM32CubeIDE/plugins/com.st.stm32cube.ide.mcu.externaltools.gnu-tools-for-stm32.13.3.rel1.win32_1.0.0.202411081344/tools/bin/../lib/gcc/arm-none-eabi/13.3.1/../../../../arm-none-eabi/lib/thumb/v7e-m+fp/hard\libc_nano.a(libc_a-stdio.o)
 .ARM.attributes
                0x0000065b       0x34 C:/ST/STM32CubeIDE_1.19.0/STM32CubeIDE/plugins/com.st.stm32cube.ide.mcu.externaltools.gnu-tools-for-stm32.13.3.rel1.win32_1.0.0.202411081344/tools/bin/../lib/gcc/arm-none-eabi/13.3.1/../../../../arm-none-eabi/lib/thumb/v7e-m+fp/hard\libc_nano.a(libc_a-wbuf.o)
 .ARM.attributes
                0x0000068f       0x34 C:/ST/STM32CubeIDE_1.19.0/STM32CubeIDE/plugins/com.st.stm32cube.ide.mcu.externaltools.gnu-tools-for-stm32.13.3.rel1.win32_1.0.0.202411081344/tools/bin/../lib/gcc/arm-none-eabi/13.3.1/../../../../arm-none-eabi/lib/thumb/v7e-m+fp/hard\libc_nano.a(libc_a-wsetup.o)
 .ARM.attributes
                0x000006c3       0x34 C:/ST/STM32CubeIDE_1.19.0/STM32CubeIDE/plugins/com.st.stm32cube.ide.mcu.externaltools.gnu-tools-for-stm32.13.3.rel1.win32_1.0.0.202411081344/tools/bin/../lib/gcc/arm-none-eabi/13.3.1/../../../../arm-none-eabi/lib/thumb/v7e-m+fp/hard\libc_nano.a(libc_a-memset.o)
 .ARM.attributes
                0x000006f7       0x34 C:/ST/STM32CubeIDE_1.19.0/STM32CubeIDE/plugins/com.st.stm32cube.ide.mcu.externaltools.gnu-tools-for-stm32.13.3.rel1.win32_1.0.0.202411081344/tools/bin/../lib/gcc/arm-none-eabi/13.3.1/../../../../arm-none-eabi/lib/thumb/v7e-m+fp/hard\libc_nano.a(libc_a-strncmp.o)
 .ARM.attributes
                0x0000072b       0x34 C:/ST/STM32CubeIDE_1.19.0/STM32CubeIDE/plugins/com.st.stm32cube.ide.mcu.externaltools.gnu-tools-for-stm32.13.3.rel1.win32_1.0.0.202411081344/tools/bin/../lib/gcc/arm-none-eabi/13.3.1/../../../../arm-none-eabi/lib/thumb/v7e-m+fp/hard\libc_nano.a(libc_a-closer.o)
 .ARM.attributes
                0x0000075f       0x34 C:/ST/STM32CubeIDE_1.19.0/STM32CubeIDE/plugins/com.st.stm32cube.ide.mcu.externaltools.gnu-tools-for-stm32.13.3.rel1.win32_1.0.0.202411081344/tools/bin/../lib/gcc/arm-none-eabi/13.3.1/../../../../arm-none-eabi/lib/thumb/v7e-m+fp/hard\libc_nano.a(libc_a-reent.o)
 .ARM.attributes
                0x00000793       0x34 C:/ST/STM32CubeIDE_1.19.0/STM32CubeIDE/plugins/com.st.stm32cube.ide.mcu.externaltools.gnu-tools-for-stm32.13.3.rel1.win32_1.0.0.202411081344/tools/bin/../lib/gcc/arm-none-eabi/13.3.1/../../../../arm-none-eabi/lib/thumb/v7e-m+fp/hard\libc_nano.a(libc_a-impure.o)
 .ARM.attributes
                0x000007c7       0x34 C:/ST/STM32CubeIDE_1.19.0/STM32CubeIDE/plugins/com.st.stm32cube.ide.mcu.externaltools.gnu-tools-for-stm32.13.3.rel1.win32_1.0.0.202411081344/tools/bin/../lib/gcc/arm-none-eabi/13.3.1/../../../../arm-none-eabi/lib/thumb/v7e-m+fp/hard\libc_nano.a(libc_a-lseekr.o)
 .ARM.attributes
                0x000007fb       0x34 C:/ST/STM32CubeIDE_1.19.0/STM32CubeIDE/plugins/com.st.stm32cube.ide.mcu.externaltools.gnu-tools-for-stm32.13.3.rel1.win32_1.0.0.202411081344/tools/bin/../lib/gcc/arm-none-eabi/13.3.1/../../../../arm-none-eabi/lib/thumb/v7e-m+fp/hard\libc_nano.a(libc_a-readr.o)
 .ARM.attributes
                0x0000082f       0x34 C:/ST/STM32CubeIDE_1.19.0/STM32CubeIDE/plugins/com.st.stm32cube.ide.mcu.externaltools.gnu-tools-for-stm32.13.3.rel1.win32_1.0.0.202411081344/tools/bin/../lib/gcc/arm-none-eabi/13.3.1/../../../../arm-none-eabi/lib/thumb/v7e-m+fp/hard\libc_nano.a(libc_a-writer.o)
 .ARM.attributes
                0x00000863       0x34 C:/ST/STM32CubeIDE_1.19.0/STM32CubeIDE/plugins/com.st.stm32cube.ide.mcu.externaltools.gnu-tools-for-stm32.13.3.rel1.win32_1.0.0.202411081344/tools/bin/../lib/gcc/arm-none-eabi/13.3.1/../../../../arm-none-eabi/lib/thumb/v7e-m+fp/hard\libc_nano.a(libc_a-errno.o)
 .ARM.attributes
                0x00000897       0x34 C:/ST/STM32CubeIDE_1.19.0/STM32CubeIDE/plugins/com.st.stm32cube.ide.mcu.externaltools.gnu-tools-for-stm32.13.3.rel1.win32_1.0.0.202411081344/tools/bin/../lib/gcc/arm-none-eabi/13.3.1/../../../../arm-none-eabi/lib/thumb/v7e-m+fp/hard\libc_nano.a(libc_a-init.o)
 .ARM.attributes
                0x000008cb       0x34 C:/ST/STM32CubeIDE_1.19.0/STM32CubeIDE/plugins/com.st.stm32cube.ide.mcu.externaltools.gnu-tools-for-stm32.13.3.rel1.win32_1.0.0.202411081344/tools/bin/../lib/gcc/arm-none-eabi/13.3.1/../../../../arm-none-eabi/lib/thumb/v7e-m+fp/hard\libc_nano.a(libc_a-lock.o)
 .ARM.attributes
                0x000008ff       0x34 C:/ST/STM32CubeIDE_1.19.0/STM32CubeIDE/plugins/com.st.stm32cube.ide.mcu.externaltools.gnu-tools-for-stm32.13.3.rel1.win32_1.0.0.202411081344/tools/bin/../lib/gcc/arm-none-eabi/13.3.1/../../../../arm-none-eabi/lib/thumb/v7e-m+fp/hard\libc_nano.a(libc_a-memcpy-stub.o)
 .ARM.attributes
                0x00000933       0x34 C:/ST/STM32CubeIDE_1.19.0/STM32CubeIDE/plugins/com.st.stm32cube.ide.mcu.externaltools.gnu-tools-for-stm32.13.3.rel1.win32_1.0.0.202411081344/tools/bin/../lib/gcc/arm-none-eabi/13.3.1/../../../../arm-none-eabi/lib/thumb/v7e-m+fp/hard\libc_nano.a(libc_a-freer.o)
 .ARM.attributes
                0x00000967       0x34 C:/ST/STM32CubeIDE_1.19.0/STM32CubeIDE/plugins/com.st.stm32cube.ide.mcu.externaltools.gnu-tools-for-stm32.13.3.rel1.win32_1.0.0.202411081344/tools/bin/../lib/gcc/arm-none-eabi/13.3.1/../../../../arm-none-eabi/lib/thumb/v7e-m+fp/hard\libc_nano.a(libc_a-mallocr.o)
 .ARM.attributes