../Core/Src/main.c:165:5:_write	24	static
../Core/Src/main.c:177:5:main	16	static
../Core/Src/main.c:335:6:SystemClock_Config	88	static
../Core/Src/main.c:384:13:MX_ADC1_Init	24	static
../Core/Src/main.c:436:13:MX_RTC_Init	72	static
../Core/Src/main.c:518:13:MX_SPI1_Init	8	static
../Core/Src/main.c:556:13:MX_TIM2_Init	32	static
../Core/Src/main.c:604:13:MX_TIM3_Init	32	static
../Core/Src/main.c:649:13:MX_TIM4_Init	32	static
../Core/Src/main.c:694:13:MX_TIM6_Init	16	static
../Core/Src/main.c:732:13:MX_USART2_UART_Init	8	static
../Core/Src/main.c:765:13:MX_GPIO_Init	48	static
../Core/Src/main.c:862:6:Window_Action_Open	8	static
../Core/Src/main.c:868:6:Window_Action_Close	8	static
../Core/Src/main.c:874:6:Window_Action_Stop	8	static
../Core/Src/main.c:879:6:Blind_Action_Up	8	static
../Core/Src/main.c:886:6:Blind_Action_Down	8	static
../Core/Src/main.c:893:6:Blind_Action_Stop	8	static
../Core/Src/main.c:899:6:delay_us	16	static
../Core/Src/main.c:903:6:Set_Pin_Output	40	static
../Core/Src/main.c:910:6:Set_Pin_Input	40	static
../Core/Src/main.c:918:6:DHT11_Start	8	static
../Core/Src/main.c:927:8:DHT11_Check_Response	16	static
../Core/Src/main.c:943:9:DHT11_Read	16	static
../Core/Src/main.c:967:10:Measure_Dust_Pulse_Blocking	16	static
../Core/Src/main.c:996:6:Handle_Periodic_Sensor_Task	48	static
../Core/Src/main.c:1133:6:HAL_GPIO_EXTI_Callback	16	static
../Core/Src/main.c:1145:6:HAL_TIM_IC_CaptureCallback	32	static
../Core/Src/main.c:1192:6:HAL_TIM_PeriodElapsedCallback	16	static
../Core/Src/main.c:1206:6:Error_Handler	4	static,ignoring_inline_asm
