../Core/Src/main.c:145:5:_write	1
../Core/Src/main.c:157:5:main	21
../Core/Src/main.c:309:6:SystemClock_Config	3
../Core/Src/main.c:358:13:MX_ADC1_Init	3
../Core/Src/main.c:410:13:MX_RTC_Init	5
../Core/Src/main.c:492:13:MX_SPI1_Init	2
../Core/Src/main.c:530:13:MX_TIM2_Init	4
../Core/Src/main.c:578:13:MX_TIM3_Init	4
../Core/Src/main.c:623:13:MX_TIM4_Init	4
../Core/Src/main.c:668:13:MX_TIM6_Init	3
../Core/Src/main.c:706:13:MX_USART2_UART_Init	2
../Core/Src/main.c:739:13:MX_GPIO_Init	1
../Core/Src/main.c:836:6:Window_Action_Open	1
../Core/Src/main.c:841:6:Window_Action_Close	1
../Core/Src/main.c:847:6:Window_Action_Stop	1
../Core/Src/main.c:852:6:Blind_Action_Up	1
../Core/Src/main.c:859:6:Blind_Action_Down	1
../Core/Src/main.c:866:6:Blind_Action_Stop	1
../Core/Src/main.c:872:6:delay_us	2
../Core/Src/main.c:876:6:Set_Pin_Output	1
../Core/Src/main.c:883:6:Set_Pin_Input	1
../Core/Src/main.c:891:6:DHT11_Start	1
../Core/Src/main.c:900:8:DHT11_Check_Response	5
../Core/Src/main.c:916:9:DHT11_Read	7
../Core/Src/main.c:940:10:Measure_Dust_Pulse_Blocking	7
../Core/Src/main.c:969:6:Handle_Periodic_Sensor_Task	17
../Core/Src/main.c:1103:6:HAL_GPIO_EXTI_Callback	5
../Core/Src/main.c:1113:6:HAL_TIM_IC_CaptureCallback	18
../Core/Src/main.c:1160:6:HAL_TIM_PeriodElapsedCallback	2
../Core/Src/main.c:1174:6:Error_Handler	1
