../Core/Src/main.c:163:5:_write	1
../Core/Src/main.c:175:5:main	21
../Core/Src/main.c:333:6:SystemClock_Config	3
../Core/Src/main.c:382:13:MX_ADC1_Init	3
../Core/Src/main.c:434:13:MX_RTC_Init	5
../Core/Src/main.c:516:13:MX_SPI1_Init	2
../Core/Src/main.c:554:13:MX_TIM2_Init	4
../Core/Src/main.c:602:13:MX_TIM3_Init	4
../Core/Src/main.c:647:13:MX_TIM4_Init	4
../Core/Src/main.c:692:13:MX_TIM6_Init	3
../Core/Src/main.c:730:13:MX_USART2_UART_Init	2
../Core/Src/main.c:763:13:MX_GPIO_Init	1
../Core/Src/main.c:860:6:Window_Action_Open	1
../Core/Src/main.c:866:6:Window_Action_Close	1
../Core/Src/main.c:872:6:Window_Action_Stop	1
../Core/Src/main.c:877:6:Blind_Action_Up	1
../Core/Src/main.c:884:6:Blind_Action_Down	1
../Core/Src/main.c:891:6:Blind_Action_Stop	1
../Core/Src/main.c:897:6:delay_us	2
../Core/Src/main.c:901:6:Set_Pin_Output	1
../Core/Src/main.c:908:6:Set_Pin_Input	1
../Core/Src/main.c:916:6:DHT11_Start	1
../Core/Src/main.c:925:8:DHT11_Check_Response	5
../Core/Src/main.c:941:9:DHT11_Read	7
../Core/Src/main.c:965:10:Measure_Dust_Pulse_Blocking	7
../Core/Src/main.c:994:6:Handle_Periodic_Sensor_Task	18
../Core/Src/main.c:1135:6:HAL_GPIO_EXTI_Callback	5
../Core/Src/main.c:1147:6:HAL_TIM_IC_CaptureCallback	18
../Core/Src/main.c:1194:6:HAL_TIM_PeriodElapsedCallback	2
../Core/Src/main.c:1208:6:Error_Handler	1
