../Core/Src/main.c:145:5:_write	24	static
../Core/Src/main.c:157:5:main	16	static
../Core/Src/main.c:309:6:SystemClock_Config	88	static
../Core/Src/main.c:358:13:MX_ADC1_Init	24	static
../Core/Src/main.c:410:13:MX_RTC_Init	72	static
../Core/Src/main.c:492:13:MX_SPI1_Init	8	static
../Core/Src/main.c:530:13:MX_TIM2_Init	32	static
../Core/Src/main.c:578:13:MX_TIM3_Init	32	static
../Core/Src/main.c:623:13:MX_TIM4_Init	32	static
../Core/Src/main.c:668:13:MX_TIM6_Init	16	static
../Core/Src/main.c:706:13:MX_USART2_UART_Init	8	static
../Core/Src/main.c:739:13:MX_GPIO_Init	48	static
../Core/Src/main.c:836:6:Window_Action_Open	8	static
../Core/Src/main.c:841:6:Window_Action_Close	8	static
../Core/Src/main.c:847:6:Window_Action_Stop	8	static
../Core/Src/main.c:852:6:Blind_Action_Up	8	static
../Core/Src/main.c:859:6:Blind_Action_Down	8	static
../Core/Src/main.c:866:6:Blind_Action_Stop	8	static
../Core/Src/main.c:872:6:delay_us	16	static
../Core/Src/main.c:876:6:Set_Pin_Output	40	static
../Core/Src/main.c:883:6:Set_Pin_Input	40	static
../Core/Src/main.c:891:6:DHT11_Start	8	static
../Core/Src/main.c:900:8:DHT11_Check_Response	16	static
../Core/Src/main.c:916:9:DHT11_Read	16	static
../Core/Src/main.c:940:10:Measure_Dust_Pulse_Blocking	16	static
../Core/Src/main.c:969:6:Handle_Periodic_Sensor_Task	48	static
../Core/Src/main.c:1103:6:HAL_GPIO_EXTI_Callback	16	static
../Core/Src/main.c:1113:6:HAL_TIM_IC_CaptureCallback	32	static
../Core/Src/main.c:1160:6:HAL_TIM_PeriodElapsedCallback	16	static
../Core/Src/main.c:1174:6:Error_Handler	4	static,ignoring_inline_asm
